Archive member included to satisfy reference by file (symbol)

C:\Users\hnyre\OneDrive\Desktop\13.2 Rel1\lib\gcc\arm-none-eabi\13.2.1\thumb\v6-m\nofp\libnosys.a(errno.o)
                              newlib_stubs.o (errno)
C:\Users\hnyre\OneDrive\Desktop\13.2 Rel1\lib\gcc\arm-none-eabi\13.2.1\thumb\v6-m\nofp\libgcc.a(_divsi3.o)
                              main.o (__aeabi_idiv)
C:\Users\hnyre\OneDrive\Desktop\13.2 Rel1\lib\gcc\arm-none-eabi\13.2.1\thumb\v6-m\nofp\libgcc.a(_dvmd_tls.o)
                              C:\Users\hnyre\OneDrive\Desktop\13.2 Rel1\lib\gcc\arm-none-eabi\13.2.1\thumb\v6-m\nofp\libgcc.a(_divsi3.o) (__aeabi_idiv0)
C:\Users\hnyre\OneDrive\Desktop\13.2 Rel1\lib\gcc\arm-none-eabi\13.2.1\thumb\v6-m\nofp\libgcc.a(divsf3.o)
                              main.o (__aeabi_fdiv)
C:\Users\hnyre\OneDrive\Desktop\13.2 Rel1\lib\gcc\arm-none-eabi\13.2.1\thumb\v6-m\nofp\libgcc.a(mulsf3.o)
                              main.o (__aeabi_fmul)
C:\Users\hnyre\OneDrive\Desktop\13.2 Rel1\lib\gcc\arm-none-eabi\13.2.1\thumb\v6-m\nofp\libgcc.a(divdf3.o)
                              main.o (__aeabi_ddiv)
C:\Users\hnyre\OneDrive\Desktop\13.2 Rel1\lib\gcc\arm-none-eabi\13.2.1\thumb\v6-m\nofp\libgcc.a(floatsidf.o)
                              main.o (__aeabi_i2d)
C:\Users\hnyre\OneDrive\Desktop\13.2 Rel1\lib\gcc\arm-none-eabi\13.2.1\thumb\v6-m\nofp\libgcc.a(extendsfdf2.o)
                              main.o (__aeabi_f2d)
C:\Users\hnyre\OneDrive\Desktop\13.2 Rel1\lib\gcc\arm-none-eabi\13.2.1\thumb\v6-m\nofp\libgcc.a(truncdfsf2.o)
                              main.o (__aeabi_d2f)
C:\Users\hnyre\OneDrive\Desktop\13.2 Rel1\lib\gcc\arm-none-eabi\13.2.1\thumb\v6-m\nofp\libgcc.a(_udivsi3.o)
                              C:\Users\hnyre\OneDrive\Desktop\13.2 Rel1\lib\gcc\arm-none-eabi\13.2.1\thumb\v6-m\nofp\libgcc.a(divdf3.o) (__aeabi_uidivmod)
C:\Users\hnyre\OneDrive\Desktop\13.2 Rel1\lib\gcc\arm-none-eabi\13.2.1\thumb\v6-m\nofp\libgcc.a(_clzsi2.o)
                              C:\Users\hnyre\OneDrive\Desktop\13.2 Rel1\lib\gcc\arm-none-eabi\13.2.1\thumb\v6-m\nofp\libgcc.a(divsf3.o) (__clzsi2)
C:\Users\hnyre\OneDrive\Desktop\13.2 Rel1\lib\gcc\arm-none-eabi\13.2.1\thumb\v6-m\nofp\libc_nano.a(libc_a-nano-vfprintf_float.o)
                              (_printf_float)
C:\Users\hnyre\OneDrive\Desktop\13.2 Rel1\lib\gcc\arm-none-eabi\13.2.1\thumb\v6-m\nofp\libc_nano.a(libc_a-nano-vfprintf_i.o)
                              C:\Users\hnyre\OneDrive\Desktop\13.2 Rel1\lib\gcc\arm-none-eabi\13.2.1\thumb\v6-m\nofp\libc_nano.a(libc_a-nano-vfprintf_float.o) (_printf_common)
C:\Users\hnyre\OneDrive\Desktop\13.2 Rel1\lib\gcc\arm-none-eabi\13.2.1\thumb\v6-m\nofp\libc_nano.a(libc_a-fflush.o)
                              main.o (fflush)
C:\Users\hnyre\OneDrive\Desktop\13.2 Rel1\lib\gcc\arm-none-eabi\13.2.1\thumb\v6-m\nofp\libc_nano.a(libc_a-findfp.o)
                              C:\Users\hnyre\OneDrive\Desktop\13.2 Rel1\lib\gcc\arm-none-eabi\13.2.1\thumb\v6-m\nofp\libc_nano.a(libc_a-fflush.o) (__sglue)
C:\Users\hnyre\OneDrive\Desktop\13.2 Rel1\lib\gcc\arm-none-eabi\13.2.1\thumb\v6-m\nofp\libc_nano.a(libc_a-fwalk.o)
                              C:\Users\hnyre\OneDrive\Desktop\13.2 Rel1\lib\gcc\arm-none-eabi\13.2.1\thumb\v6-m\nofp\libc_nano.a(libc_a-fflush.o) (_fwalk_sglue)
C:\Users\hnyre\OneDrive\Desktop\13.2 Rel1\lib\gcc\arm-none-eabi\13.2.1\thumb\v6-m\nofp\libc_nano.a(libc_a-printf.o)
                              main.o (printf)
C:\Users\hnyre\OneDrive\Desktop\13.2 Rel1\lib\gcc\arm-none-eabi\13.2.1\thumb\v6-m\nofp\libc_nano.a(libc_a-puts.o)
                              main.o (puts)
C:\Users\hnyre\OneDrive\Desktop\13.2 Rel1\lib\gcc\arm-none-eabi\13.2.1\thumb\v6-m\nofp\libc_nano.a(libc_a-sprintf.o)
                              main.o (sprintf)
C:\Users\hnyre\OneDrive\Desktop\13.2 Rel1\lib\gcc\arm-none-eabi\13.2.1\thumb\v6-m\nofp\libc_nano.a(libc_a-stdio.o)
                              C:\Users\hnyre\OneDrive\Desktop\13.2 Rel1\lib\gcc\arm-none-eabi\13.2.1\thumb\v6-m\nofp\libc_nano.a(libc_a-findfp.o) (__sread)
C:\Users\hnyre\OneDrive\Desktop\13.2 Rel1\lib\gcc\arm-none-eabi\13.2.1\thumb\v6-m\nofp\libc_nano.a(libc_a-wbuf.o)
                              C:\Users\hnyre\OneDrive\Desktop\13.2 Rel1\lib\gcc\arm-none-eabi\13.2.1\thumb\v6-m\nofp\libc_nano.a(libc_a-puts.o) (__swbuf_r)
C:\Users\hnyre\OneDrive\Desktop\13.2 Rel1\lib\gcc\arm-none-eabi\13.2.1\thumb\v6-m\nofp\libc_nano.a(libc_a-wsetup.o)
                              C:\Users\hnyre\OneDrive\Desktop\13.2 Rel1\lib\gcc\arm-none-eabi\13.2.1\thumb\v6-m\nofp\libc_nano.a(libc_a-puts.o) (__swsetup_r)
C:\Users\hnyre\OneDrive\Desktop\13.2 Rel1\lib\gcc\arm-none-eabi\13.2.1\thumb\v6-m\nofp\libc_nano.a(libc_a-memset.o)
                              C:\Users\hnyre\OneDrive\Desktop\13.2 Rel1\lib\gcc\arm-none-eabi\13.2.1\thumb\v6-m\nofp\libc_nano.a(libc_a-findfp.o) (memset)
[...]
Memory Configuration

Name             Origin             Length             Attributes
flash            0x08000000         0x00010000
ram              0x20000000         0x00002000
*default*        0x00000000         0xffffffff

Linker script and memory map

LOAD main.o
LOAD startup.o
LOAD serial.o
LOAD newlib_stubs.o
LOAD C:\Users\hnyre\OneDrive\Desktop\13.2 Rel1\lib\gcc\arm-none-eabi\13.2.1\thumb\v6-m\nofp\libnosys.a
LOAD C:\Users\hnyre\OneDrive\Desktop\13.2 Rel1\lib\gcc\arm-none-eabi\13.2.1\thumb\v6-m\nofp\libgcc.a
START GROUP
LOAD C:\Users\hnyre\OneDrive\Desktop\13.2 Rel1\lib\gcc\arm-none-eabi\13.2.1\thumb\v6-m\nofp\libgcc.a
LOAD C:\Users\hnyre\OneDrive\Desktop\13.2 Rel1\lib\gcc\arm-none-eabi\13.2.1\thumb\v6-m\nofp\libc_nano.a
LOAD C:\Users\hnyre\OneDrive\Desktop\13.2 Rel1\lib\gcc\arm-none-eabi\13.2.1\thumb\v6-m\nofp\libm.a
END GROUP

.text           0x08000000     0x77cc
 *(.vectors)
 .vectors       0x08000000       0xb8 startup.o
                0x08000000                Vectors
 *(.after_vectors*)
 .after_vectors
                0x080000b8       0x28 startup.o
                0x080000b8                ResetInit
 *(.text*)
 .text          0x080000e0      0x788 main.o
                0x080000e0                delay
                0x080000fe                wait_1ms
                0x08000138                waitms
                0x0800015a                GetPeriod
                0x080002d4                Configure_Pins
                0x080003dc                Delay_us
                0x0800043c                LCD_pulse
                0x0800046c                LCD_byte
                0x080005ee                WriteData
                0x08000622                WriteCommand
                0x08000656                LCD_4BIT
                0x080006a0                LCDprint
                0x0800071c                main
 .text          0x08000868      0x1a8 startup.o
                0x080008e0                initClock
                0x080009e8                EXTI2_3_Handler
                0x080009e8                TIM21_Handler
                0x080009e8                SysTick_Handler
                0x080009e8                I2C1_Handler
                0x080009e8                PendSV_Handler
                0x080009e8                NMI_Handler
                0x080009e8                WWDG_Handler
                0x080009e8                RTC_Handler
                0x080009e8                EXTI4_15_Handler
                0x080009e8                TIM2_Handler
                0x080009e8                DMA_CH4_5_6_7_Handler
                0x080009e8                Default_Handler
                0x080009e8                LPUART1_Handler
                0x080009e8                FLASH_Handler
                0x080009e8                EXTI0_1_Handler
                0x080009e8                DMA_CH1_Handler
                0x080009e8                SPI2_Handler
                0x080009e8                DMA_CH2_3_Handler
                0x080009e8                I2C2_Handler
                0x080009e8                SVC_Handler
                0x080009e8                LPTIM1_Handler
                0x080009e8                USART2_Handler
                0x080009e8                SPI1_Handler
                0x080009e8                RCC_Handler
                0x080009e8                PVD_Handler
                0x080009e8                TIM6_Handler
                0x080009e8                TIM22_Handler
                0x080009e8                ADC_COMP_Handler
                0x080009fc                Hard_Fault_Handler
 .text          0x08000a10      0x5b4 serial.o
                0x08000a10                ReadCom
                0x08000a84                WriteCom
                0x08000b24                initUART
                0x08000c74                USART1_Handler
                0x08000ca0                usart_rx
                0x08000cd0                usart_tx
                0x08000d38                PutBuf
                0x08000d9a                GetBuf
                0x08000df0                GetBufCount
                0x08000e04                eputs
                0x08000e40                eputc
                0x08000e5e                egetc
                0x08000e78                egets
                0x08000f04                egetc_echo
                0x08000f2a                egets_echo
 .text          0x08000fc4      0x29c newlib_stubs.o
                0x08000fc4                _exit
                0x08000fce                _close
                0x08000fe2                _execve
                0x08001004                _fork
                0x0800101c                _fstat
                0x08001038                _getpid
                0x08001044                _kill
                0x08001064                _link
                0x08001084                _lseek
                0x0800109a                _stat
                0x080010b6                _times
                0x080010ca                _unlink
                0x080010e8                _wait
                0x08001108                _isatty
                0x08001130                _sbrk
                0x08001194                _read
                0x0800120c                _write
 .text          0x08001260        0x0 C:\Users\hnyre\OneDrive\Desktop\13.2 Rel1\lib\gcc\arm-none-eabi\13.2.1\thumb\v6-m\nofp\libnosys.a(errno.o)
 .text          0x08001260      0x1d4 C:\Users\hnyre\OneDrive\Desktop\13.2 Rel1\lib\gcc\arm-none-eabi\13.2.1\thumb\v6-m\nofp\libgcc.a(_divsi3.o)
                0x08001260                __divsi3
                0x08001260                __aeabi_idiv
                0x0800142c                __aeabi_idivmod
 .text          0x08001434        0x4 C:\Users\hnyre\OneDrive\Desktop\13.2 Rel1\lib\gcc\arm-none-eabi\13.2.1\thumb\v6-m\nofp\libgcc.a(_dvmd_tls.o)
                0x08001434                __aeabi_idiv0
                0x08001434                __aeabi_ldiv0
 .text          0x08001438        0x0 C:\Users\hnyre\OneDrive\Desktop\13.2 Rel1\lib\gcc\arm-none-eabi\13.2.1\thumb\v6-m\nofp\libgcc.a(divsf3.o)
 .text.__aeabi_fdiv
                0x08001438      0x224 C:\Users\hnyre\OneDrive\Desktop\13.2 Rel1\lib\gcc\arm-none-eabi\13.2.1\thumb\v6-m\nofp\libgcc.a(divsf3.o)
                0x08001438                __aeabi_fdiv
 .text          0x0800165c        0x0 C:\Users\hnyre\OneDrive\Desktop\13.2 Rel1\lib\gcc\arm-none-eabi\13.2.1\thumb\v6-m\nofp\libgcc.a(mulsf3.o)
 .text.__aeabi_fmul
                0x0800165c      0x280 C:\Users\hnyre\OneDrive\Desktop\13.2 Rel1\lib\gcc\arm-none-eabi\13.2.1\thumb\v6-m\nofp\libgcc.a(mulsf3.o)
                0x0800165c                __aeabi_fmul
 .text          0x080018dc        0x0 C:\Users\hnyre\OneDrive\Desktop\13.2 Rel1\lib\gcc\arm-none-eabi\13.2.1\thumb\v6-m\nofp\libgcc.a(divdf3.o)
 .text.__aeabi_ddiv
                0x080018dc      0x604 C:\Users\hnyre\OneDrive\Desktop\13.2 Rel1\lib\gcc\arm-none-eabi\13.2.1\thumb\v6-m\nofp\libgcc.a(divdf3.o)
                0x080018dc                __aeabi_ddiv
 .text          0x08001ee0        0x0 C:\Users\hnyre\OneDrive\Desktop\13.2 Rel1\lib\gcc\arm-none-eabi\13.2.1\thumb\v6-m\nofp\libgcc.a(floatsidf.o)
 .text.__aeabi_i2d
                0x08001ee0       0x5c C:\Users\hnyre\OneDrive\Desktop\13.2 Rel1\lib\gcc\arm-none-eabi\13.2.1\thumb\v6-m\nofp\libgcc.a(floatsidf.o)
                0x08001ee0                __aeabi_i2d
 .text          0x08001f3c        0x0 C:\Users\hnyre\OneDrive\Desktop\13.2 Rel1\lib\gcc\arm-none-eabi\13.2.1\thumb\v6-m\nofp\libgcc.a(extendsfdf2.o)
 .text.__aeabi_f2d
                0x08001f3c       0x90 C:\Users\hnyre\OneDrive\Desktop\13.2 Rel1\lib\gcc\arm-none-eabi\13.2.1\thumb\v6-m\nofp\libgcc.a(extendsfdf2.o)
                0x08001f3c                __aeabi_f2d
 .text          0x08001fcc        0x0 C:\Users\hnyre\OneDrive\Desktop\13.2 Rel1\lib\gcc\arm-none-eabi\13.2.1\thumb\v6-m\nofp\libgcc.a(truncdfsf2.o)
 .text.__aeabi_d2f
                0x08001fcc      0x10c C:\Users\hnyre\OneDrive\Desktop\13.2 Rel1\lib\gcc\arm-none-eabi\13.2.1\thumb\v6-m\nofp\libgcc.a(truncdfsf2.o)
                0x08001fcc                __aeabi_d2f
 .text          0x080020d8      0x114 C:\Users\hnyre\OneDrive\Desktop\13.2 Rel1\lib\gcc\arm-none-eabi\13.2.1\thumb\v6-m\nofp\libgcc.a(_udivsi3.o)
                0x080020d8                __aeabi_uidiv
                0x080020d8                __udivsi3
                0x080021e4                __aeabi_uidivmod
 .text          0x080021ec       0x3c C:\Users\hnyre\OneDrive\Desktop\13.2 Rel1\lib\gcc\arm-none-eabi\13.2.1\thumb\v6-m\nofp\libgcc.a(_clzsi2.o)
                0x080021ec                __clzsi2
 .text          0x08002228        0x0 C:\Users\hnyre\OneDrive\Desktop\13.2 Rel1\lib\gcc\arm-none-eabi\13.2.1\thumb\v6-m\nofp\libc_nano.a(libc_a-nano-vfprintf_float.o)
 .text.__cvt    0x08002228       0xcc C:\Users\hnyre\OneDrive\Desktop\13.2 Rel1\lib\gcc\arm-none-eabi\13.2.1\thumb\v6-m\nofp\libc_nano.a(libc_a-nano-vfprintf_float.o)
                0x08002228                __cvt
 .text.__exponent
                0x080022f4       0x80 C:\Users\hnyre\OneDrive\Desktop\13.2 Rel1\lib\gcc\arm-none-eabi\13.2.1\thumb\v6-m\nofp\libc_nano.a(libc_a-nano-vfprintf_float.o)
                0x080022f4                __exponent
 .text._printf_float
                0x08002374      0x47c C:\Users\hnyre\OneDrive\Desktop\13.2 Rel1\lib\gcc\arm-none-eabi\13.2.1\thumb\v6-m\nofp\libc_nano.a(libc_a-nano-vfprintf_float.o)
                0x08002374                _printf_float
 .text          0x080027f0        0x0 C:\Users\hnyre\OneDrive\Desktop\13.2 Rel1\lib\gcc\arm-none-eabi\13.2.1\thumb\v6-m\nofp\libc_nano.a(libc_a-nano-vfprintf_i.o)
 .text._printf_common
                0x080027f0       0xde C:\Users\hnyre\OneDrive\Desktop\13.2 Rel1\lib\gcc\arm-none-eabi\13.2.1\thumb\v6-m\nofp\libc_nano.a(libc_a-nano-vfprintf_i.o)
                0x080027f0                _printf_common
 *fill*         0x080028ce        0x2 
 .text._printf_i
                0x080028d0      0x218 C:\Users\hnyre\OneDrive\Desktop\13.2 Rel1\lib\gcc\arm-none-eabi\13.2.1\thumb\v6-m\nofp\libc_nano.a(libc_a-nano-vfprintf_i.o)
                0x080028d0                _printf_i
 .text          0x08002ae8        0x0 C:\Users\hnyre\OneDrive\Desktop\13.2 Rel1\lib\gcc\arm-none-eabi\13.2.1\thumb\v6-m\nofp\libc_nano.a(libc_a-fflush.o)
 .text.__sflush_r
                0x08002ae8      0x10c C:\Users\hnyre\OneDrive\Desktop\13.2 Rel1\lib\gcc\arm-none-eabi\13.2.1\thumb\v6-m\nofp\libc_nano.a(libc_a-fflush.o)
                0x08002ae8                __sflush_r
 .text._fflush_r
                0x08002bf4       0x56 C:\Users\hnyre\OneDrive\Desktop\13.2 Rel1\lib\gcc\arm-none-eabi\13.2.1\thumb\v6-m\nofp\libc_nano.a(libc_a-fflush.o)
                0x08002bf4                _fflush_r
 *fill*         0x08002c4a        0x2 
 .text.fflush   0x08002c4c       0x30 C:\Users\hnyre\OneDrive\Desktop\13.2 Rel1\lib\gcc\arm-none-eabi\13.2.1\thumb\v6-m\nofp\libc_nano.a(libc_a-fflush.o)
                0x08002c4c                fflush
 .text          0x08002c7c        0x0 C:\Users\hnyre\OneDrive\Desktop\13.2 Rel1\lib\gcc\arm-none-eabi\13.2.1\thumb\v6-m\nofp\libc_nano.a(libc_a-findfp.o)
 .text.std      0x08002c7c       0x6c C:\Users\hnyre\OneDrive\Desktop\13.2 Rel1\lib\gcc\arm-none-eabi\13.2.1\thumb\v6-m\nofp\libc_nano.a(libc_a-findfp.o)
 .text.stdio_exit_handler
                0x08002ce8       0x1c C:\Users\hnyre\OneDrive\Desktop\13.2 Rel1\lib\gcc\arm-none-eabi\13.2.1\thumb\v6-m\nofp\libc_nano.a(libc_a-findfp.o)
 .text.cleanup_stdio
                0x08002d04       0x3c C:\Users\hnyre\OneDrive\Desktop\13.2 Rel1\lib\gcc\arm-none-eabi\13.2.1\thumb\v6-m\nofp\libc_nano.a(libc_a-findfp.o)
 .text.__fp_lock
                0x08002d40       0x18 C:\Users\hnyre\OneDrive\Desktop\13.2 Rel1\lib\gcc\arm-none-eabi\13.2.1\thumb\v6-m\nofp\libc_nano.a(libc_a-findfp.o)
 .text.__fp_unlock
                0x08002d58       0x18 C:\Users\hnyre\OneDrive\Desktop\13.2 Rel1\lib\gcc\arm-none-eabi\13.2.1\thumb\v6-m\nofp\libc_nano.a(libc_a-findfp.o)
 .text.global_stdio_init.part.0
                0x08002d70       0x3c C:\Users\hnyre\OneDrive\Desktop\13.2 Rel1\lib\gcc\arm-none-eabi\13.2.1\thumb\v6-m\nofp\libc_nano.a(libc_a-findfp.o)
 .text.__sfp_lock_acquire
                0x08002dac       0x10 C:\Users\hnyre\OneDrive\Desktop\13.2 Rel1\lib\gcc\arm-none-eabi\13.2.1\thumb\v6-m\nofp\libc_nano.a(libc_a-findfp.o)
                0x08002dac                __sfp_lock_acquire
 .text.__sfp_lock_release
                0x08002dbc       0x10 C:\Users\hnyre\OneDrive\Desktop\13.2 Rel1\lib\gcc\arm-none-eabi\13.2.1\thumb\v6-m\nofp\libc_nano.a(libc_a-findfp.o)
                0x08002dbc                __sfp_lock_release
 .text.__sfp    0x08002dcc       0xa8 C:\Users\hnyre\OneDrive\Desktop\13.2 Rel1\lib\gcc\arm-none-eabi\13.2.1\thumb\v6-m\nofp\libc_nano.a(libc_a-findfp.o)
                0x08002dcc                __sfp
 .text.__sinit  0x08002e74       0x30 C:\Users\hnyre\OneDrive\Desktop\13.2 Rel1\lib\gcc\arm-none-eabi\13.2.1\thumb\v6-m\nofp\libc_nano.a(libc_a-findfp.o)
                0x08002e74                __sinit
 .text.__fp_lock_all
                0x08002ea4       0x1c C:\Users\hnyre\OneDrive\Desktop\13.2 Rel1\lib\gcc\arm-none-eabi\13.2.1\thumb\v6-m\nofp\libc_nano.a(libc_a-findfp.o)
                0x08002ea4                __fp_lock_all
 .text.__fp_unlock_all
                0x08002ec0       0x1c C:\Users\hnyre\OneDrive\Desktop\13.2 Rel1\lib\gcc\arm-none-eabi\13.2.1\thumb\v6-m\nofp\libc_nano.a(libc_a-findfp.o)
                0x08002ec0                __fp_unlock_all
 .text          0x08002edc        0x0 C:\Users\hnyre\OneDrive\Desktop\13.2 Rel1\lib\gcc\arm-none-eabi\13.2.1\thumb\v6-m\nofp\libc_nano.a(libc_a-fwalk.o)
 .text._fwalk_sglue
                0x08002edc       0x38 C:\Users\hnyre\OneDrive\Desktop\13.2 Rel1\lib\gcc\arm-none-eabi\13.2.1\thumb\v6-m\nofp\libc_nano.a(libc_a-fwalk.o)
                0x08002edc                _fwalk_sglue
 .text          0x08002f14        0x0 C:\Users\hnyre\OneDrive\Desktop\13.2 Rel1\lib\gcc\arm-none-eabi\13.2.1\thumb\v6-m\nofp\libc_nano.a(libc_a-printf.o)
 .text._printf_r
                0x08002f14       0x18 C:\Users\hnyre\OneDrive\Desktop\13.2 Rel1\lib\gcc\arm-none-eabi\13.2.1\thumb\v6-m\nofp\libc_nano.a(libc_a-printf.o)
                0x08002f14                _iprintf_r
                0x08002f14                _printf_r
 .text.printf   0x08002f2c       0x20 C:\Users\hnyre\OneDrive\Desktop\13.2 Rel1\lib\gcc\arm-none-eabi\13.2.1\thumb\v6-m\nofp\libc_nano.a(libc_a-printf.o)
                0x08002f2c                iprintf
                0x08002f2c                printf
 .text          0x08002f4c        0x0 C:\Users\hnyre\OneDrive\Desktop\13.2 Rel1\lib\gcc\arm-none-eabi\13.2.1\thumb\v6-m\nofp\libc_nano.a(libc_a-puts.o)
 .text._puts_r  0x08002f4c       0xac C:\Users\hnyre\OneDrive\Desktop\13.2 Rel1\lib\gcc\arm-none-eabi\13.2.1\thumb\v6-m\nofp\libc_nano.a(libc_a-puts.o)
                0x08002f4c                _puts_r
 .text.puts     0x08002ff8       0x14 C:\Users\hnyre\OneDrive\Desktop\13.2 Rel1\lib\gcc\arm-none-eabi\13.2.1\thumb\v6-m\nofp\libc_nano.a(libc_a-puts.o)
                0x08002ff8                puts
 .text          0x0800300c        0x0 C:\Users\hnyre\OneDrive\Desktop\13.2 Rel1\lib\gcc\arm-none-eabi\13.2.1\thumb\v6-m\nofp\libc_nano.a(libc_a-sprintf.o)
 .text._sprintf_r
                0x0800300c       0x38 C:\Users\hnyre\OneDrive\Desktop\13.2 Rel1\lib\gcc\arm-none-eabi\13.2.1\thumb\v6-m\nofp\libc_nano.a(libc_a-sprintf.o)
                0x0800300c                _sprintf_r
                0x0800300c                _siprintf_r
 .text.sprintf  0x08003044       0x40 C:\Users\hnyre\OneDrive\Desktop\13.2 Rel1\lib\gcc\arm-none-eabi\13.2.1\thumb\v6-m\nofp\libc_nano.a(libc_a-sprintf.o)
                0x08003044                siprintf
                0x08003044                sprintf
 .text          0x08003084        0x0 C:\Users\hnyre\OneDrive\Desktop\13.2 Rel1\lib\gcc\arm-none-eabi\13.2.1\thumb\v6-m\nofp\libc_nano.a(libc_a-stdio.o)
 .text.__sread  0x08003084       0x28 C:\Users\hnyre\OneDrive\Desktop\13.2 Rel1\lib\gcc\arm-none-eabi\13.2.1\thumb\v6-m\nofp\libc_nano.a(libc_a-stdio.o)
                0x08003084                __sread
 .text.__seofread
                0x080030ac        0x4 C:\Users\hnyre\OneDrive\Desktop\13.2 Rel1\lib\gcc\arm-none-eabi\13.2.1\thumb\v6-m\nofp\libc_nano.a(libc_a-stdio.o)
                0x080030ac                __seofread
 .text.__swrite
                0x080030b0       0x38 C:\Users\hnyre\OneDrive\Desktop\13.2 Rel1\lib\gcc\arm-none-eabi\13.2.1\thumb\v6-m\nofp\libc_nano.a(libc_a-stdio.o)
                0x080030b0                __swrite
 .text.__sseek  0x080030e8       0x2c C:\Users\hnyre\OneDrive\Desktop\13.2 Rel1\lib\gcc\arm-none-eabi\13.2.1\thumb\v6-m\nofp\libc_nano.a(libc_a-stdio.o)
                0x080030e8                __sseek
 .text.__sclose
                0x08003114        0xc C:\Users\hnyre\OneDrive\Desktop\13.2 Rel1\lib\gcc\arm-none-eabi\13.2.1\thumb\v6-m\nofp\libc_nano.a(libc_a-stdio.o)
                0x08003114                __sclose
 .text          0x08003120        0x0 C:\Users\hnyre\OneDrive\Desktop\13.2 Rel1\lib\gcc\arm-none-eabi\13.2.1\thumb\v6-m\nofp\libc_nano.a(libc_a-wbuf.o)
 .text.__swbuf_r
                0x08003120       0x84 C:\Users\hnyre\OneDrive\Desktop\13.2 Rel1\lib\gcc\arm-none-eabi\13.2.1\thumb\v6-m\nofp\libc_nano.a(libc_a-wbuf.o)
                0x08003120                __swbuf_r
 .text.__swbuf  0x080031a4       0x14 C:\Users\hnyre\OneDrive\Desktop\13.2 Rel1\lib\gcc\arm-none-eabi\13.2.1\thumb\v6-m\nofp\libc_nano.a(libc_a-wbuf.o)
                0x080031a4                __swbuf
 .text          0x080031b8        0x0 C:\Users\hnyre\OneDrive\Desktop\13.2 Rel1\lib\gcc\arm-none-eabi\13.2.1\thumb\v6-m\nofp\libc_nano.a(libc_a-wsetup.o)
 .text.__swsetup_r
                0x080031b8       0xbc C:\Users\hnyre\OneDrive\Desktop\13.2 Rel1\lib\gcc\arm-none-eabi\13.2.1\thumb\v6-m\nofp\libc_nano.a(libc_a-wsetup.o)
                0x080031b8                __swsetup_r
 .text          0x08003274        0x0 C:\Users\hnyre\OneDrive\Desktop\13.2 Rel1\lib\gcc\arm-none-eabi\13.2.1\thumb\v6-m\nofp\libc_nano.a(libc_a-memset.o)
 .text.memset   0x08003274       0x10 C:\Users\hnyre\OneDrive\Desktop\13.2 Rel1\lib\gcc\arm-none-eabi\13.2.1\thumb\v6-m\nofp\libc_nano.a(libc_a-memset.o)
                0x08003274                memset
 .text          0x08003284        0x0 C:\Users\hnyre\OneDrive\Desktop\13.2 Rel1\lib\gcc\arm-none-eabi\13.2.1\thumb\v6-m\nofp\libc_nano.a(libc_a-localeconv.o)
 .text.__localeconv_l
                0x08003284        0x4 C:\Users\hnyre\OneDrive\Desktop\13.2 Rel1\lib\gcc\arm-none-eabi\13.2.1\thumb\v6-m\nofp\libc_nano.a(libc_a-localeconv.o)
                0x08003284                __localeconv_l
 .text._localeconv_r
                0x08003288        0x8 C:\Users\hnyre\OneDrive\Desktop\13.2 Rel1\lib\gcc\arm-none-eabi\13.2.1\thumb\v6-m\nofp\libc_nano.a(libc_a-localeconv.o)
                0x08003288                _localeconv_r
 .text.localeconv
                0x08003290        0x8 C:\Users\hnyre\OneDrive\Desktop\13.2 Rel1\lib\gcc\arm-none-eabi\13.2.1\thumb\v6-m\nofp\libc_nano.a(libc_a-localeconv.o)
                0x08003290                localeconv
 .text          0x08003298        0x0 C:\Users\hnyre\OneDrive\Desktop\13.2 Rel1\lib\gcc\arm-none-eabi\13.2.1\thumb\v6-m\nofp\libc_nano.a(libc_a-closer.o)
 .text._close_r
                0x08003298       0x24 C:\Users\hnyre\OneDrive\Desktop\13.2 Rel1\lib\gcc\arm-none-eabi\13.2.1\thumb\v6-m\nofp\libc_nano.a(libc_a-closer.o)
                0x08003298                _close_r
 .text          0x080032bc        0x0 C:\Users\hnyre\OneDrive\Desktop\13.2 Rel1\lib\gcc\arm-none-eabi\13.2.1\thumb\v6-m\nofp\libc_nano.a(libc_a-impure.o)
 .text          0x080032bc        0x0 C:\Users\hnyre\OneDrive\Desktop\13.2 Rel1\lib\gcc\arm-none-eabi\13.2.1\thumb\v6-m\nofp\libc_nano.a(libc_a-lseekr.o)
 .text._lseek_r
                0x080032bc       0x28 C:\Users\hnyre\OneDrive\Desktop\13.2 Rel1\lib\gcc\arm-none-eabi\13.2.1\thumb\v6-m\nofp\libc_nano.a(libc_a-lseekr.o)
                0x080032bc                _lseek_r
 .text          0x080032e4        0x0 C:\Users\hnyre\OneDrive\Desktop\13.2 Rel1\lib\gcc\arm-none-eabi\13.2.1\thumb\v6-m\nofp\libc_nano.a(libc_a-readr.o)
 .text._read_r  0x080032e4       0x28 C:\Users\hnyre\OneDrive\Desktop\13.2 Rel1\lib\gcc\arm-none-eabi\13.2.1\thumb\v6-m\nofp\libc_nano.a(libc_a-readr.o)
                0x080032e4                _read_r
 .text          0x0800330c        0x0 C:\Users\hnyre\OneDrive\Desktop\13.2 Rel1\lib\gcc\arm-none-eabi\13.2.1\thumb\v6-m\nofp\libc_nano.a(libc_a-writer.o)
 .text._write_r
                0x0800330c       0x28 C:\Users\hnyre\OneDrive\Desktop\13.2 Rel1\lib\gcc\arm-none-eabi\13.2.1\thumb\v6-m\nofp\libc_nano.a(libc_a-writer.o)
                0x0800330c                _write_r
 .text          0x08003334        0x0 C:\Users\hnyre\OneDrive\Desktop\13.2 Rel1\lib\gcc\arm-none-eabi\13.2.1\thumb\v6-m\nofp\libc_nano.a(libc_a-lock.o)
 .text.__retarget_lock_init
                0x08003334        0x2 C:\Users\hnyre\OneDrive\Desktop\13.2 Rel1\lib\gcc\arm-none-eabi\13.2.1\thumb\v6-m\nofp\libc_nano.a(libc_a-lock.o)
                0x08003334                __retarget_lock_init
 .text.__retarget_lock_init_recursive
                0x08003336        0x2 C:\Users\hnyre\OneDrive\Desktop\13.2 Rel1\lib\gcc\arm-none-eabi\13.2.1\thumb\v6-m\nofp\libc_nano.a(libc_a-lock.o)
                0x08003336                __retarget_lock_init_recursive
 .text.__retarget_lock_close
                0x08003338        0x2 C:\Users\hnyre\OneDrive\Desktop\13.2 Rel1\lib\gcc\arm-none-eabi\13.2.1\thumb\v6-m\nofp\libc_nano.a(libc_a-lock.o)
                0x08003338                __retarget_lock_close
 .text.__retarget_lock_close_recursive
                0x0800333a        0x2 C:\Users\hnyre\OneDrive\Desktop\13.2 Rel1\lib\gcc\arm-none-eabi\13.2.1\thumb\v6-m\nofp\libc_nano.a(libc_a-lock.o)
                0x0800333a                __retarget_lock_close_recursive
 .text.__retarget_lock_acquire
                0x0800333c        0x2 C:\Users\hnyre\OneDrive\Desktop\13.2 Rel1\lib\gcc\arm-none-eabi\13.2.1\thumb\v6-m\nofp\libc_nano.a(libc_a-lock.o)
                0x0800333c                __retarget_lock_acquire
 .text.__retarget_lock_acquire_recursive
                0x0800333e        0x2 C:\Users\hnyre\OneDrive\Desktop\13.2 Rel1\lib\gcc\arm-none-eabi\13.2.1\thumb\v6-m\nofp\libc_nano.a(libc_a-lock.o)
                0x0800333e                __retarget_lock_acquire_recursive
 .text.__retarget_lock_try_acquire
                0x08003340        0x4 C:\Users\hnyre\OneDrive\Desktop\13.2 Rel1\lib\gcc\arm-none-eabi\13.2.1\thumb\v6-m\nofp\libc_nano.a(libc_a-lock.o)
                0x08003340                __retarget_lock_try_acquire
 .text.__retarget_lock_try_acquire_recursive
                0x08003344        0x4 C:\Users\hnyre\OneDrive\Desktop\13.2 Rel1\lib\gcc\arm-none-eabi\13.2.1\thumb\v6-m\nofp\libc_nano.a(libc_a-lock.o)
                0x08003344                __retarget_lock_try_acquire_recursive
 .text.__retarget_lock_release
                0x08003348        0x2 C:\Users\hnyre\OneDrive\Desktop\13.2 Rel1\lib\gcc\arm-none-eabi\13.2.1\thumb\v6-m\nofp\libc_nano.a(libc_a-lock.o)
                0x08003348                __retarget_lock_release
 .text.__retarget_lock_release_recursive
                0x0800334a        0x2 C:\Users\hnyre\OneDrive\Desktop\13.2 Rel1\lib\gcc\arm-none-eabi\13.2.1\thumb\v6-m\nofp\libc_nano.a(libc_a-lock.o)
                0x0800334a                __retarget_lock_release_recursive
 .text          0x0800334c        0x0 C:\Users\hnyre\OneDrive\Desktop\13.2 Rel1\lib\gcc\arm-none-eabi\13.2.1\thumb\v6-m\nofp\libc_nano.a(libc_a-memchr-stub.o)
 .text.memchr   0x0800334c       0x16 C:\Users\hnyre\OneDrive\Desktop\13.2 Rel1\lib\gcc\arm-none-eabi\13.2.1\thumb\v6-m\nofp\libc_nano.a(libc_a-memchr-stub.o)
                0x0800334c                memchr
 .text          0x08003362        0xe C:\Users\hnyre\OneDrive\Desktop\13.2 Rel1\lib\gcc\arm-none-eabi\13.2.1\thumb\v6-m\nofp\libc_nano.a(libc_a-strlen.o)
                0x08003362                strlen
 .text          0x08003370        0x0 C:\Users\hnyre\OneDrive\Desktop\13.2 Rel1\lib\gcc\arm-none-eabi\13.2.1\thumb\v6-m\nofp\libc_nano.a(libc_a-dtoa.o)
 .text.quorem   0x08003370      0x10a C:\Users\hnyre\OneDrive\Desktop\13.2 Rel1\lib\gcc\arm-none-eabi\13.2.1\thumb\v6-m\nofp\libc_nano.a(libc_a-dtoa.o)
 *fill*         0x0800347a        0x2 
 .text._dtoa_r  0x0800347c      0xbd8 C:\Users\hnyre\OneDrive\Desktop\13.2 Rel1\lib\gcc\arm-none-eabi\13.2.1\thumb\v6-m\nofp\libc_nano.a(libc_a-dtoa.o)
                0x0800347c                _dtoa_r
 .text          0x08004054        0x0 C:\Users\hnyre\OneDrive\Desktop\13.2 Rel1\lib\gcc\arm-none-eabi\13.2.1\thumb\v6-m\nofp\libc_nano.a(libc_a-freer.o)
 .text._free_r  0x08004054       0x94 C:\Users\hnyre\OneDrive\Desktop\13.2 Rel1\lib\gcc\arm-none-eabi\13.2.1\thumb\v6-m\nofp\libc_nano.a(libc_a-freer.o)
                0x08004054                _free_r
 .text          0x080040e8        0x0 C:\Users\hnyre\OneDrive\Desktop\13.2 Rel1\lib\gcc\arm-none-eabi\13.2.1\thumb\v6-m\nofp\libc_nano.a(libc_a-malloc.o)
 .text.malloc   0x080040e8       0x14 C:\Users\hnyre\OneDrive\Desktop\13.2 Rel1\lib\gcc\arm-none-eabi\13.2.1\thumb\v6-m\nofp\libc_nano.a(libc_a-malloc.o)
                0x080040e8                malloc
 .text.free     0x080040fc       0x14 C:\Users\hnyre\OneDrive\Desktop\13.2 Rel1\lib\gcc\arm-none-eabi\13.2.1\thumb\v6-m\nofp\libc_nano.a(libc_a-malloc.o)
                0x080040fc                free
 .text          0x08004110        0x0 C:\Users\hnyre\OneDrive\Desktop\13.2 Rel1\lib\gcc\arm-none-eabi\13.2.1\thumb\v6-m\nofp\libc_nano.a(libc_a-mallocr.o)
 .text.sbrk_aligned
                0x08004110       0x44 C:\Users\hnyre\OneDrive\Desktop\13.2 Rel1\lib\gcc\arm-none-eabi\13.2.1\thumb\v6-m\nofp\libc_nano.a(libc_a-mallocr.o)
 .text._malloc_r
                0x08004154      0x100 C:\Users\hnyre\OneDrive\Desktop\13.2 Rel1\lib\gcc\arm-none-eabi\13.2.1\thumb\v6-m\nofp\libc_nano.a(libc_a-mallocr.o)
                0x08004154                _malloc_r
 .text          0x08004254        0x0 C:\Users\hnyre\OneDrive\Desktop\13.2 Rel1\lib\gcc\arm-none-eabi\13.2.1\thumb\v6-m\nofp\libc_nano.a(libc_a-mlock.o)
 .text.__malloc_lock
                0x08004254       0x10 C:\Users\hnyre\OneDrive\Desktop\13.2 Rel1\lib\gcc\arm-none-eabi\13.2.1\thumb\v6-m\nofp\libc_nano.a(libc_a-mlock.o)
                0x08004254                __malloc_lock
 .text.__malloc_unlock
                0x08004264       0x10 C:\Users\hnyre\OneDrive\Desktop\13.2 Rel1\lib\gcc\arm-none-eabi\13.2.1\thumb\v6-m\nofp\libc_nano.a(libc_a-mlock.o)
                0x08004264                __malloc_unlock
 .text          0x08004274        0x0 C:\Users\hnyre\OneDrive\Desktop\13.2 Rel1\lib\gcc\arm-none-eabi\13.2.1\thumb\v6-m\nofp\libc_nano.a(libc_a-mprec.o)
 .text._Balloc  0x08004274       0x88 C:\Users\hnyre\OneDrive\Desktop\13.2 Rel1\lib\gcc\arm-none-eabi\13.2.1\thumb\v6-m\nofp\libc_nano.a(libc_a-mprec.o)
                0x08004274                _Balloc
 .text._Bfree   0x080042fc       0x48 C:\Users\hnyre\OneDrive\Desktop\13.2 Rel1\lib\gcc\arm-none-eabi\13.2.1\thumb\v6-m\nofp\libc_nano.a(libc_a-mprec.o)
                0x080042fc                _Bfree
 .text.__multadd
                0x08004344       0x88 C:\Users\hnyre\OneDrive\Desktop\13.2 Rel1\lib\gcc\arm-none-eabi\13.2.1\thumb\v6-m\nofp\libc_nano.a(libc_a-mprec.o)
                0x08004344                __multadd
 .text.__s2b    0x080043cc       0x98 C:\Users\hnyre\OneDrive\Desktop\13.2 Rel1\lib\gcc\arm-none-eabi\13.2.1\thumb\v6-m\nofp\libc_nano.a(libc_a-mprec.o)
                0x080043cc                __s2b
 .text.__hi0bits
                0x08004464       0x42 C:\Users\hnyre\OneDrive\Desktop\13.2 Rel1\lib\gcc\arm-none-eabi\13.2.1\thumb\v6-m\nofp\libc_nano.a(libc_a-mprec.o)
                0x08004464                __hi0bits
 .text.__lo0bits
                0x080044a6       0x5c C:\Users\hnyre\OneDrive\Desktop\13.2 Rel1\lib\gcc\arm-none-eabi\13.2.1\thumb\v6-m\nofp\libc_nano.a(libc_a-mprec.o)
                0x080044a6                __lo0bits
 *fill*         0x08004502        0x2 
 .text.__i2b    0x08004504       0x30 C:\Users\hnyre\OneDrive\Desktop\13.2 Rel1\lib\gcc\arm-none-eabi\13.2.1\thumb\v6-m\nofp\libc_nano.a(libc_a-mprec.o)
                0x08004504                __i2b
 .text.__multiply
                0x08004534      0x154 C:\Users\hnyre\OneDrive\Desktop\13.2 Rel1\lib\gcc\arm-none-eabi\13.2.1\thumb\v6-m\nofp\libc_nano.a(libc_a-mprec.o)
                0x08004534                __multiply
 .text.__pow5mult
                0x08004688       0xb8 C:\Users\hnyre\OneDrive\Desktop\13.2 Rel1\lib\gcc\arm-none-eabi\13.2.1\thumb\v6-m\nofp\libc_nano.a(libc_a-mprec.o)
                0x08004688                __pow5mult
 .text.__lshift
                0x08004740       0xd8 C:\Users\hnyre\OneDrive\Desktop\13.2 Rel1\lib\gcc\arm-none-eabi\13.2.1\thumb\v6-m\nofp\libc_nano.a(libc_a-mprec.o)
                0x08004740                __lshift
 .text.__mcmp   0x08004818       0x36 C:\Users\hnyre\OneDrive\Desktop\13.2 Rel1\lib\gcc\arm-none-eabi\13.2.1\thumb\v6-m\nofp\libc_nano.a(libc_a-mprec.o)
                0x08004818                __mcmp
 *fill*         0x0800484e        0x2 
 .text.__mdiff  0x08004850      0x134 C:\Users\hnyre\OneDrive\Desktop\13.2 Rel1\lib\gcc\arm-none-eabi\13.2.1\thumb\v6-m\nofp\libc_nano.a(libc_a-mprec.o)
                0x08004850                __mdiff
 .text.__ulp    0x08004984       0x40 C:\Users\hnyre\OneDrive\Desktop\13.2 Rel1\lib\gcc\arm-none-eabi\13.2.1\thumb\v6-m\nofp\libc_nano.a(libc_a-mprec.o)
                0x08004984                __ulp
 .text.__b2d    0x080049c4       0x98 C:\Users\hnyre\OneDrive\Desktop\13.2 Rel1\lib\gcc\arm-none-eabi\13.2.1\thumb\v6-m\nofp\libc_nano.a(libc_a-mprec.o)
                0x080049c4                __b2d
 .text.__d2b    0x08004a5c       0xc0 C:\Users\hnyre\OneDrive\Desktop\13.2 Rel1\lib\gcc\arm-none-eabi\13.2.1\thumb\v6-m\nofp\libc_nano.a(libc_a-mprec.o)
                0x08004a5c                __d2b
 .text.__ratio  0x08004b1c       0x54 C:\Users\hnyre\OneDrive\Desktop\13.2 Rel1\lib\gcc\arm-none-eabi\13.2.1\thumb\v6-m\nofp\libc_nano.a(libc_a-mprec.o)
                0x08004b1c                __ratio
 .text._mprec_log10
                0x08004b70       0x34 C:\Users\hnyre\OneDrive\Desktop\13.2 Rel1\lib\gcc\arm-none-eabi\13.2.1\thumb\v6-m\nofp\libc_nano.a(libc_a-mprec.o)
                0x08004b70                _mprec_log10
 .text.__copybits
                0x08004ba4       0x42 C:\Users\hnyre\OneDrive\Desktop\13.2 Rel1\lib\gcc\arm-none-eabi\13.2.1\thumb\v6-m\nofp\libc_nano.a(libc_a-mprec.o)
                0x08004ba4                __copybits
 .text.__any_on
                0x08004be6       0x46 C:\Users\hnyre\OneDrive\Desktop\13.2 Rel1\lib\gcc\arm-none-eabi\13.2.1\thumb\v6-m\nofp\libc_nano.a(libc_a-mprec.o)
                0x08004be6                __any_on
 .text          0x08004c2c        0x0 C:\Users\hnyre\OneDrive\Desktop\13.2 Rel1\lib\gcc\arm-none-eabi\13.2.1\thumb\v6-m\nofp\libc_nano.a(libc_a-nano-svfprintf.o)
 .text.__ssputs_r
                0x08004c2c       0xc0 C:\Users\hnyre\OneDrive\Desktop\13.2 Rel1\lib\gcc\arm-none-eabi\13.2.1\thumb\v6-m\nofp\libc_nano.a(libc_a-nano-svfprintf.o)
                0x08004c2c                __ssputs_r
 .text.__ssprint_r
                0x08004cec      0x104 C:\Users\hnyre\OneDrive\Desktop\13.2 Rel1\lib\gcc\arm-none-eabi\13.2.1\thumb\v6-m\nofp\libc_nano.a(libc_a-nano-svfprintf.o)
                0x08004cec                __ssprint_r
 .text._svfprintf_r
                0x08004df0      0x1fc C:\Users\hnyre\OneDrive\Desktop\13.2 Rel1\lib\gcc\arm-none-eabi\13.2.1\thumb\v6-m\nofp\libc_nano.a(libc_a-nano-svfprintf.o)
                0x08004df0                _svfiprintf_r
                0x08004df0                _svfprintf_r
 .text          0x08004fec        0x0 C:\Users\hnyre\OneDrive\Desktop\13.2 Rel1\lib\gcc\arm-none-eabi\13.2.1\thumb\v6-m\nofp\libc_nano.a(libc_a-nano-vfprintf.o)
 .text.__sfputc_r
                0x08004fec       0x2a C:\Users\hnyre\OneDrive\Desktop\13.2 Rel1\lib\gcc\arm-none-eabi\13.2.1\thumb\v6-m\nofp\libc_nano.a(libc_a-nano-vfprintf.o)
 .text.__sfputs_r
                0x08005016       0x24 C:\Users\hnyre\OneDrive\Desktop\13.2 Rel1\lib\gcc\arm-none-eabi\13.2.1\thumb\v6-m\nofp\libc_nano.a(libc_a-nano-vfprintf.o)
                0x08005016                __sfputs_r
 .text.__sprint_r
                0x0800503a       0x20 C:\Users\hnyre\OneDrive\Desktop\13.2 Rel1\lib\gcc\arm-none-eabi\13.2.1\thumb\v6-m\nofp\libc_nano.a(libc_a-nano-vfprintf.o)
                0x0800503a                __sprint_r
 *fill*         0x0800505a        0x2 
 .text._vfprintf_r
                0x0800505c      0x238 C:\Users\hnyre\OneDrive\Desktop\13.2 Rel1\lib\gcc\arm-none-eabi\13.2.1\thumb\v6-m\nofp\libc_nano.a(libc_a-nano-vfprintf.o)
                0x0800505c                _vfprintf_r
                0x0800505c                _vfiprintf_r
 .text.vfprintf
                0x08005294       0x18 C:\Users\hnyre\OneDrive\Desktop\13.2 Rel1\lib\gcc\arm-none-eabi\13.2.1\thumb\v6-m\nofp\libc_nano.a(libc_a-nano-vfprintf.o)
                0x08005294                vfprintf
                0x08005294                vfiprintf
 .text          0x080052ac        0x0 C:\Users\hnyre\OneDrive\Desktop\13.2 Rel1\lib\gcc\arm-none-eabi\13.2.1\thumb\v6-m\nofp\libc_nano.a(libc_a-fvwrite.o)
 .text.__sfvwrite_r
                0x080052ac      0x2b4 C:\Users\hnyre\OneDrive\Desktop\13.2 Rel1\lib\gcc\arm-none-eabi\13.2.1\thumb\v6-m\nofp\libc_nano.a(libc_a-fvwrite.o)
                0x080052ac                __sfvwrite_r
 .text          0x08005560        0x0 C:\Users\hnyre\OneDrive\Desktop\13.2 Rel1\lib\gcc\arm-none-eabi\13.2.1\thumb\v6-m\nofp\libc_nano.a(libc_a-makebuf.o)
 .text.__swhatbuf_r
                0x08005560       0x54 C:\Users\hnyre\OneDrive\Desktop\13.2 Rel1\lib\gcc\arm-none-eabi\13.2.1\thumb\v6-m\nofp\libc_nano.a(libc_a-makebuf.o)
                0x08005560                __swhatbuf_r
 .text.__smakebuf_r
                0x080055b4       0x82 C:\Users\hnyre\OneDrive\Desktop\13.2 Rel1\lib\gcc\arm-none-eabi\13.2.1\thumb\v6-m\nofp\libc_nano.a(libc_a-makebuf.o)
                0x080055b4                __smakebuf_r
 .text          0x08005636        0x0 C:\Users\hnyre\OneDrive\Desktop\13.2 Rel1\lib\gcc\arm-none-eabi\13.2.1\thumb\v6-m\nofp\libc_nano.a(libc_a-memmove.o)
 .text.memmove  0x08005636       0x24 C:\Users\hnyre\OneDrive\Desktop\13.2 Rel1\lib\gcc\arm-none-eabi\13.2.1\thumb\v6-m\nofp\libc_nano.a(libc_a-memmove.o)
                0x08005636                memmove
 .text          0x0800565a        0x0 C:\Users\hnyre\OneDrive\Desktop\13.2 Rel1\lib\gcc\arm-none-eabi\13.2.1\thumb\v6-m\nofp\libc_nano.a(libc_a-locale.o)
 *fill*         0x0800565a        0x2 
 .text._setlocale_r
                0x0800565c       0x40 C:\Users\hnyre\OneDrive\Desktop\13.2 Rel1\lib\gcc\arm-none-eabi\13.2.1\thumb\v6-m\nofp\libc_nano.a(libc_a-locale.o)
                0x0800565c                _setlocale_r
 .text.__locale_mb_cur_max
                0x0800569c       0x10 C:\Users\hnyre\OneDrive\Desktop\13.2 Rel1\lib\gcc\arm-none-eabi\13.2.1\thumb\v6-m\nofp\libc_nano.a(libc_a-locale.o)
                0x0800569c                __locale_mb_cur_max
 .text.setlocale
                0x080056ac       0x14 C:\Users\hnyre\OneDrive\Desktop\13.2 Rel1\lib\gcc\arm-none-eabi\13.2.1\thumb\v6-m\nofp\libc_nano.a(libc_a-locale.o)
                0x080056ac                setlocale
 .text          0x080056c0        0x0 C:\Users\hnyre\OneDrive\Desktop\13.2 Rel1\lib\gcc\arm-none-eabi\13.2.1\thumb\v6-m\nofp\libc_nano.a(libc_a-fstatr.o)
 .text._fstat_r
                0x080056c0       0x24 C:\Users\hnyre\OneDrive\Desktop\13.2 Rel1\lib\gcc\arm-none-eabi\13.2.1\thumb\v6-m\nofp\libc_nano.a(libc_a-fstatr.o)
                0x080056c0                _fstat_r
 .text          0x080056e4        0x0 C:\Users\hnyre\OneDrive\Desktop\13.2 Rel1\lib\gcc\arm-none-eabi\13.2.1\thumb\v6-m\nofp\libc_nano.a(libc_a-isattyr.o)
 .text._isatty_r
                0x080056e4       0x24 C:\Users\hnyre\OneDrive\Desktop\13.2 Rel1\lib\gcc\arm-none-eabi\13.2.1\thumb\v6-m\nofp\libc_nano.a(libc_a-isattyr.o)
                0x080056e4                _isatty_r
 .text          0x08005708        0x0 C:\Users\hnyre\OneDrive\Desktop\13.2 Rel1\lib\gcc\arm-none-eabi\13.2.1\thumb\v6-m\nofp\libc_nano.a(libc_a-sbrkr.o)
 .text._sbrk_r  0x08005708       0x24 C:\Users\hnyre\OneDrive\Desktop\13.2 Rel1\lib\gcc\arm-none-eabi\13.2.1\thumb\v6-m\nofp\libc_nano.a(libc_a-sbrkr.o)
                0x08005708                _sbrk_r
 .text          0x0800572c       0x14 C:\Users\hnyre\OneDrive\Desktop\13.2 Rel1\lib\gcc\arm-none-eabi\13.2.1\thumb\v6-m\nofp\libc_nano.a(libc_a-strcmp.o)
                0x0800572c                strcmp
 .text          0x08005740        0x0 C:\Users\hnyre\OneDrive\Desktop\13.2 Rel1\lib\gcc\arm-none-eabi\13.2.1\thumb\v6-m\nofp\libc_nano.a(libc_a-memcpy-stub.o)
 .text.memcpy   0x08005740       0x12 C:\Users\hnyre\OneDrive\Desktop\13.2 Rel1\lib\gcc\arm-none-eabi\13.2.1\thumb\v6-m\nofp\libc_nano.a(libc_a-memcpy-stub.o)
                0x08005740                memcpy
 .text          0x08005752        0x0 C:\Users\hnyre\OneDrive\Desktop\13.2 Rel1\lib\gcc\arm-none-eabi\13.2.1\thumb\v6-m\nofp\libc_nano.a(libc_a-assert.o)
 *fill*         0x08005752        0x2 
 .text.__assert_func
                0x08005754       0x3c C:\Users\hnyre\OneDrive\Desktop\13.2 Rel1\lib\gcc\arm-none-eabi\13.2.1\thumb\v6-m\nofp\libc_nano.a(libc_a-assert.o)
                0x08005754                __assert_func
 .text.__assert
                0x08005790        0xa C:\Users\hnyre\OneDrive\Desktop\13.2 Rel1\lib\gcc\arm-none-eabi\13.2.1\thumb\v6-m\nofp\libc_nano.a(libc_a-assert.o)
                0x08005790                __assert
 .text          0x0800579a        0x0 C:\Users\hnyre\OneDrive\Desktop\13.2 Rel1\lib\gcc\arm-none-eabi\13.2.1\thumb\v6-m\nofp\libc_nano.a(libc_a-callocr.o)
 .text._calloc_r
                0x0800579a       0x5a C:\Users\hnyre\OneDrive\Desktop\13.2 Rel1\lib\gcc\arm-none-eabi\13.2.1\thumb\v6-m\nofp\libc_nano.a(libc_a-callocr.o)
                0x0800579a                _calloc_r
 .text          0x080057f4        0x0 C:\Users\hnyre\OneDrive\Desktop\13.2 Rel1\lib\gcc\arm-none-eabi\13.2.1\thumb\v6-m\nofp\libc_nano.a(libc_a-mbtowc_r.o)
 .text._mbtowc_r
                0x080057f4       0x14 C:\Users\hnyre\OneDrive\Desktop\13.2 Rel1\lib\gcc\arm-none-eabi\13.2.1\thumb\v6-m\nofp\libc_nano.a(libc_a-mbtowc_r.o)
                0x080057f4                _mbtowc_r
 .text.__ascii_mbtowc
                0x08005808       0x24 C:\Users\hnyre\OneDrive\Desktop\13.2 Rel1\lib\gcc\arm-none-eabi\13.2.1\thumb\v6-m\nofp\libc_nano.a(libc_a-mbtowc_r.o)
                0x08005808                __ascii_mbtowc
 .text          0x0800582c        0x0 C:\Users\hnyre\OneDrive\Desktop\13.2 Rel1\lib\gcc\arm-none-eabi\13.2.1\thumb\v6-m\nofp\libc_nano.a(libc_a-reallocr.o)
 .text._realloc_r
                0x0800582c       0x60 C:\Users\hnyre\OneDrive\Desktop\13.2 Rel1\lib\gcc\arm-none-eabi\13.2.1\thumb\v6-m\nofp\libc_nano.a(libc_a-reallocr.o)
                0x0800582c                _realloc_r
 .text          0x0800588c        0x0 C:\Users\hnyre\OneDrive\Desktop\13.2 Rel1\lib\gcc\arm-none-eabi\13.2.1\thumb\v6-m\nofp\libc_nano.a(libc_a-wctomb_r.o)
 .text._wctomb_r
                0x0800588c       0x10 C:\Users\hnyre\OneDrive\Desktop\13.2 Rel1\lib\gcc\arm-none-eabi\13.2.1\thumb\v6-m\nofp\libc_nano.a(libc_a-wctomb_r.o)
                0x0800588c                _wctomb_r
 .text.__ascii_wctomb
                0x0800589c       0x1a C:\Users\hnyre\OneDrive\Desktop\13.2 Rel1\lib\gcc\arm-none-eabi\13.2.1\thumb\v6-m\nofp\libc_nano.a(libc_a-wctomb_r.o)
                0x0800589c                __ascii_wctomb
 .text          0x080058b6        0x0 C:\Users\hnyre\OneDrive\Desktop\13.2 Rel1\lib\gcc\arm-none-eabi\13.2.1\thumb\v6-m\nofp\libc_nano.a(libc_a-ctype_.o)
 .text          0x080058b6        0x0 C:\Users\hnyre\OneDrive\Desktop\13.2 Rel1\lib\gcc\arm-none-eabi\13.2.1\thumb\v6-m\nofp\libc_nano.a(libc_a-fprintf.o)
 .text._fprintf_r
                0x080058b6       0x16 C:\Users\hnyre\OneDrive\Desktop\13.2 Rel1\lib\gcc\arm-none-eabi\13.2.1\thumb\v6-m\nofp\libc_nano.a(libc_a-fprintf.o)
                0x080058b6                _fiprintf_r
                0x080058b6                _fprintf_r
 .text.fprintf  0x080058cc       0x20 C:\Users\hnyre\OneDrive\Desktop\13.2 Rel1\lib\gcc\arm-none-eabi\13.2.1\thumb\v6-m\nofp\libc_nano.a(libc_a-fprintf.o)
                0x080058cc                fiprintf
                0x080058cc                fprintf
 .text          0x080058ec        0x0 C:\Users\hnyre\OneDrive\Desktop\13.2 Rel1\lib\gcc\arm-none-eabi\13.2.1\thumb\v6-m\nofp\libc_nano.a(libc_a-abort.o)
 .text.abort    0x080058ec        0xe C:\Users\hnyre\OneDrive\Desktop\13.2 Rel1\lib\gcc\arm-none-eabi\13.2.1\thumb\v6-m\nofp\libc_nano.a(libc_a-abort.o)
                0x080058ec                abort
 .text          0x080058fa        0x0 C:\Users\hnyre\OneDrive\Desktop\13.2 Rel1\lib\gcc\arm-none-eabi\13.2.1\thumb\v6-m\nofp\libc_nano.a(libc_a-msizer.o)
 .text._malloc_usable_size_r
                0x080058fa       0x10 C:\Users\hnyre\OneDrive\Desktop\13.2 Rel1\lib\gcc\arm-none-eabi\13.2.1\thumb\v6-m\nofp\libc_nano.a(libc_a-msizer.o)
                0x080058fa                _malloc_usable_size_r
 .text          0x0800590a        0x0 C:\Users\hnyre\OneDrive\Desktop\13.2 Rel1\lib\gcc\arm-none-eabi\13.2.1\thumb\v6-m\nofp\libc_nano.a(libc_a-signal.o)
 .text._init_signal_r
                0x0800590a       0x2a C:\Users\hnyre\OneDrive\Desktop\13.2 Rel1\lib\gcc\arm-none-eabi\13.2.1\thumb\v6-m\nofp\libc_nano.a(libc_a-signal.o)
                0x0800590a                _init_signal_r
 .text._signal_r
                0x08005934       0x32 C:\Users\hnyre\OneDrive\Desktop\13.2 Rel1\lib\gcc\arm-none-eabi\13.2.1\thumb\v6-m\nofp\libc_nano.a(libc_a-signal.o)
                0x08005934                _signal_r
 .text._raise_r
                0x08005966       0x52 C:\Users\hnyre\OneDrive\Desktop\13.2 Rel1\lib\gcc\arm-none-eabi\13.2.1\thumb\v6-m\nofp\libc_nano.a(libc_a-signal.o)
                0x08005966                _raise_r
 .text.__sigtramp_r
                0x080059b8       0x46 C:\Users\hnyre\OneDrive\Desktop\13.2 Rel1\lib\gcc\arm-none-eabi\13.2.1\thumb\v6-m\nofp\libc_nano.a(libc_a-signal.o)
                0x080059b8                __sigtramp_r
 *fill*         0x080059fe        0x2 
 .text.raise    0x08005a00       0x14 C:\Users\hnyre\OneDrive\Desktop\13.2 Rel1\lib\gcc\arm-none-eabi\13.2.1\thumb\v6-m\nofp\libc_nano.a(libc_a-signal.o)
                0x08005a00                raise
 .text.signal   0x08005a14       0x14 C:\Users\hnyre\OneDrive\Desktop\13.2 Rel1\lib\gcc\arm-none-eabi\13.2.1\thumb\v6-m\nofp\libc_nano.a(libc_a-signal.o)
                0x08005a14                signal
 .text._init_signal
                0x08005a28       0x10 C:\Users\hnyre\OneDrive\Desktop\13.2 Rel1\lib\gcc\arm-none-eabi\13.2.1\thumb\v6-m\nofp\libc_nano.a(libc_a-signal.o)
                0x08005a28                _init_signal
 .text.__sigtramp
                0x08005a38       0x14 C:\Users\hnyre\OneDrive\Desktop\13.2 Rel1\lib\gcc\arm-none-eabi\13.2.1\thumb\v6-m\nofp\libc_nano.a(libc_a-signal.o)
                0x08005a38                __sigtramp
 .text          0x08005a4c        0x0 C:\Users\hnyre\OneDrive\Desktop\13.2 Rel1\lib\gcc\arm-none-eabi\13.2.1\thumb\v6-m\nofp\libc_nano.a(libc_a-signalr.o)
 .text._kill_r  0x08005a4c       0x24 C:\Users\hnyre\OneDrive\Desktop\13.2 Rel1\lib\gcc\arm-none-eabi\13.2.1\thumb\v6-m\nofp\libc_nano.a(libc_a-signalr.o)
                0x08005a4c                _kill_r
 .text._getpid_r
                0x08005a70        0x8 C:\Users\hnyre\OneDrive\Desktop\13.2 Rel1\lib\gcc\arm-none-eabi\13.2.1\thumb\v6-m\nofp\libc_nano.a(libc_a-signalr.o)
                0x08005a70                _getpid_r
 .text          0x08005a78       0x14 C:\Users\hnyre\OneDrive\Desktop\13.2 Rel1\lib\gcc\arm-none-eabi\13.2.1\thumb\v6-m\nofp\libgcc.a(_thumb1_case_uqi.o)
                0x08005a78                __gnu_thumb1_case_uqi
 .text          0x08005a8c       0x14 C:\Users\hnyre\OneDrive\Desktop\13.2 Rel1\lib\gcc\arm-none-eabi\13.2.1\thumb\v6-m\nofp\libgcc.a(_thumb1_case_shi.o)
                0x08005a8c                __gnu_thumb1_case_shi
 .text          0x08005aa0       0x7c C:\Users\hnyre\OneDrive\Desktop\13.2 Rel1\lib\gcc\arm-none-eabi\13.2.1\thumb\v6-m\nofp\libgcc.a(_arm_cmpdf2.o)
                0x08005aa0                __aeabi_cdrcmple
                0x08005ab0                __aeabi_cdcmple
                0x08005ab0                __aeabi_cdcmpeq
                0x08005ac0                __aeabi_dcmpeq
                0x08005acc                __aeabi_dcmplt
                0x08005ae0                __aeabi_dcmple
                0x08005af4                __aeabi_dcmpgt
                0x08005b08                __aeabi_dcmpge
 .text          0x08005b1c        0x0 C:\Users\hnyre\OneDrive\Desktop\13.2 Rel1\lib\gcc\arm-none-eabi\13.2.1\thumb\v6-m\nofp\libgcc.a(adddf3.o)
 .text.__aeabi_dadd
                0x08005b1c      0x730 C:\Users\hnyre\OneDrive\Desktop\13.2 Rel1\lib\gcc\arm-none-eabi\13.2.1\thumb\v6-m\nofp\libgcc.a(adddf3.o)
                0x08005b1c                __aeabi_dadd
 .text          0x0800624c        0x0 C:\Users\hnyre\OneDrive\Desktop\13.2 Rel1\lib\gcc\arm-none-eabi\13.2.1\thumb\v6-m\nofp\libgcc.a(eqdf2.o)
 .text.__eqdf2  0x0800624c       0x88 C:\Users\hnyre\OneDrive\Desktop\13.2 Rel1\lib\gcc\arm-none-eabi\13.2.1\thumb\v6-m\nofp\libgcc.a(eqdf2.o)
                0x0800624c                __nedf2
                0x0800624c                __eqdf2
 .text          0x080062d4        0x0 C:\Users\hnyre\OneDrive\Desktop\13.2 Rel1\lib\gcc\arm-none-eabi\13.2.1\thumb\v6-m\nofp\libgcc.a(gedf2.o)
 .text.__gedf2  0x080062d4       0xe0 C:\Users\hnyre\OneDrive\Desktop\13.2 Rel1\lib\gcc\arm-none-eabi\13.2.1\thumb\v6-m\nofp\libgcc.a(gedf2.o)
                0x080062d4                __gedf2
                0x080062d4                __gtdf2
 .text          0x080063b4        0x0 C:\Users\hnyre\OneDrive\Desktop\13.2 Rel1\lib\gcc\arm-none-eabi\13.2.1\thumb\v6-m\nofp\libgcc.a(ledf2.o)
 .text.__ledf2  0x080063b4       0xdc C:\Users\hnyre\OneDrive\Desktop\13.2 Rel1\lib\gcc\arm-none-eabi\13.2.1\thumb\v6-m\nofp\libgcc.a(ledf2.o)
                0x080063b4                __ledf2
                0x080063b4                __ltdf2
 .text          0x08006490        0x0 C:\Users\hnyre\OneDrive\Desktop\13.2 Rel1\lib\gcc\arm-none-eabi\13.2.1\thumb\v6-m\nofp\libgcc.a(muldf3.o)
 .text.__aeabi_dmul
                0x08006490      0x598 C:\Users\hnyre\OneDrive\Desktop\13.2 Rel1\lib\gcc\arm-none-eabi\13.2.1\thumb\v6-m\nofp\libgcc.a(muldf3.o)
                0x08006490                __aeabi_dmul
 .text          0x08006a28        0x0 C:\Users\hnyre\OneDrive\Desktop\13.2 Rel1\lib\gcc\arm-none-eabi\13.2.1\thumb\v6-m\nofp\libgcc.a(subdf3.o)
 .text.__aeabi_dsub
                0x08006a28      0x710 C:\Users\hnyre\OneDrive\Desktop\13.2 Rel1\lib\gcc\arm-none-eabi\13.2.1\thumb\v6-m\nofp\libgcc.a(subdf3.o)
                0x08006a28                __aeabi_dsub
 .text          0x08007138        0x0 C:\Users\hnyre\OneDrive\Desktop\13.2 Rel1\lib\gcc\arm-none-eabi\13.2.1\thumb\v6-m\nofp\libgcc.a(unorddf2.o)
 .text.__aeabi_dcmpun
                0x08007138       0x44 C:\Users\hnyre\OneDrive\Desktop\13.2 Rel1\lib\gcc\arm-none-eabi\13.2.1\thumb\v6-m\nofp\libgcc.a(unorddf2.o)
                0x08007138                __aeabi_dcmpun
 .text          0x0800717c        0x0 C:\Users\hnyre\OneDrive\Desktop\13.2 Rel1\lib\gcc\arm-none-eabi\13.2.1\thumb\v6-m\nofp\libgcc.a(fixdfsi.o)
 .text.__aeabi_d2iz
                0x0800717c       0x78 C:\Users\hnyre\OneDrive\Desktop\13.2 Rel1\lib\gcc\arm-none-eabi\13.2.1\thumb\v6-m\nofp\libgcc.a(fixdfsi.o)
                0x0800717c                __aeabi_d2iz
 .text          0x080071f4        0x0 C:\Users\hnyre\OneDrive\Desktop\13.2 Rel1\lib\gcc\arm-none-eabi\13.2.1\thumb\v6-m\nofp\libgcc.a(floatunsidf.o)
 .text.__aeabi_ui2d
                0x080071f4       0x48 C:\Users\hnyre\OneDrive\Desktop\13.2 Rel1\lib\gcc\arm-none-eabi\13.2.1\thumb\v6-m\nofp\libgcc.a(floatunsidf.o)
                0x080071f4                __aeabi_ui2d
 *(.rodata*)
 .rodata        0x0800723c       0xb9 main.o
 *fill*         0x080072f5        0x3 
 .rodata        0x080072f8       0x7c startup.o
 .rodata.__aeabi_fdiv
                0x08007374       0x7c C:\Users\hnyre\OneDrive\Desktop\13.2 Rel1\lib\gcc\arm-none-eabi\13.2.1\thumb\v6-m\nofp\libgcc.a(divsf3.o)
 .rodata.__aeabi_ddiv
                0x080073f0       0x40 C:\Users\hnyre\OneDrive\Desktop\13.2 Rel1\lib\gcc\arm-none-eabi\13.2.1\thumb\v6-m\nofp\libgcc.a(divdf3.o)
 .rodata._printf_float.str1.1
                0x08007430      0x173 C:\Users\hnyre\OneDrive\Desktop\13.2 Rel1\lib\gcc\arm-none-eabi\13.2.1\thumb\v6-m\nofp\libc_nano.a(libc_a-nano-vfprintf_float.o)
                                 0x12 (size before relaxing)
 .rodata._printf_i.str1.1
                0x080075a3       0x22 C:\Users\hnyre\OneDrive\Desktop\13.2 Rel1\lib\gcc\arm-none-eabi\13.2.1\thumb\v6-m\nofp\libc_nano.a(libc_a-nano-vfprintf_i.o)
 .rodata._dtoa_r.str1.1
                0x080075a3       0x90 C:\Users\hnyre\OneDrive\Desktop\13.2 Rel1\lib\gcc\arm-none-eabi\13.2.1\thumb\v6-m\nofp\libc_nano.a(libc_a-dtoa.o)
 .rodata._Balloc.str1.1
                0x080075a3       0x71 C:\Users\hnyre\OneDrive\Desktop\13.2 Rel1\lib\gcc\arm-none-eabi\13.2.1\thumb\v6-m\nofp\libc_nano.a(libc_a-mprec.o)
 .rodata.__multadd.str1.1
                0x080075a3       0x11 C:\Users\hnyre\OneDrive\Desktop\13.2 Rel1\lib\gcc\arm-none-eabi\13.2.1\thumb\v6-m\nofp\libc_nano.a(libc_a-mprec.o)
 *fill*         0x080075a3        0x1 
 .rodata.p05.0  0x080075a4        0xc C:\Users\hnyre\OneDrive\Desktop\13.2 Rel1\lib\gcc\arm-none-eabi\13.2.1\thumb\v6-m\nofp\libc_nano.a(libc_a-mprec.o)
 .rodata.__mprec_tinytens
                0x080075b0       0x28 C:\Users\hnyre\OneDrive\Desktop\13.2 Rel1\lib\gcc\arm-none-eabi\13.2.1\thumb\v6-m\nofp\libc_nano.a(libc_a-mprec.o)
                0x080075b0                __mprec_tinytens
 .rodata.__mprec_bigtens
                0x080075d8       0x28 C:\Users\hnyre\OneDrive\Desktop\13.2 Rel1\lib\gcc\arm-none-eabi\13.2.1\thumb\v6-m\nofp\libc_nano.a(libc_a-mprec.o)
                0x080075d8                __mprec_bigtens
 .rodata.__mprec_tens
                0x08007600       0xc8 C:\Users\hnyre\OneDrive\Desktop\13.2 Rel1\lib\gcc\arm-none-eabi\13.2.1\thumb\v6-m\nofp\libc_nano.a(libc_a-mprec.o)
                0x08007600                __mprec_tens
 .rodata._svfprintf_r.str1.1
                0x080076c8       0x11 C:\Users\hnyre\OneDrive\Desktop\13.2 Rel1\lib\gcc\arm-none-eabi\13.2.1\thumb\v6-m\nofp\libc_nano.a(libc_a-nano-svfprintf.o)
 .rodata._vfprintf_r.str1.1
                0x080076c8       0x11 C:\Users\hnyre\OneDrive\Desktop\13.2 Rel1\lib\gcc\arm-none-eabi\13.2.1\thumb\v6-m\nofp\libc_nano.a(libc_a-nano-vfprintf.o)
 .rodata._setlocale_r.str1.1
                0x080076c8        0x9 C:\Users\hnyre\OneDrive\Desktop\13.2 Rel1\lib\gcc\arm-none-eabi\13.2.1\thumb\v6-m\nofp\libc_nano.a(libc_a-locale.o)
 .rodata.str1.1
                0x080076c8        0x2 C:\Users\hnyre\OneDrive\Desktop\13.2 Rel1\lib\gcc\arm-none-eabi\13.2.1\thumb\v6-m\nofp\libc_nano.a(libc_a-locale.o)
 .rodata.__assert_func.str1.1
                0x080076c8       0x3d C:\Users\hnyre\OneDrive\Desktop\13.2 Rel1\lib\gcc\arm-none-eabi\13.2.1\thumb\v6-m\nofp\libc_nano.a(libc_a-assert.o)
 .rodata._ctype_
                0x080076c8      0x101 C:\Users\hnyre\OneDrive\Desktop\13.2 Rel1\lib\gcc\arm-none-eabi\13.2.1\thumb\v6-m\nofp\libc_nano.a(libc_a-ctype_.o)
                0x080076c8                _ctype_
                0x080077cc                        . = ALIGN (0x4)
 *fill*         0x080077c9        0x3 
                0x080077cc                        PROVIDE (__init_array_start = .)
 *(SORT_BY_NAME(.init_array.*))
 *(.init_array)
                0x080077cc                        PROVIDE (__init_array_end = .)
                0x080077cc                        . = ALIGN (0x4)
                0x080077cc                        _etext = .

.glue_7         0x080077cc        0x0
 .glue_7        0x080077cc        0x0 linker stubs

.glue_7t        0x080077cc        0x0
 .glue_7t       0x080077cc        0x0 linker stubs

.vfp11_veneer   0x080077cc        0x0
 .vfp11_veneer  0x080077cc        0x0 linker stubs

.v4_bx          0x080077cc        0x0
 .v4_bx         0x080077cc        0x0 linker stubs

.iplt           0x080077cc        0x0
 .iplt          0x080077cc        0x0 main.o

.rel.dyn        0x080077cc        0x0
 .rel.iplt      0x080077cc        0x0 main.o

.data           0x20000000      0x1cc load address 0x080077cc
                0x20000000                        . = ALIGN (0x4)
                0x20000000                        _data = .
 *(.data*)
 .data          0x20000000        0x0 main.o
 .data          0x20000000        0x0 startup.o
 .data          0x20000000        0x0 serial.o
 .data          0x20000000        0x4 newlib_stubs.o
                0x20000000                environ
 .data          0x20000004        0x0 C:\Users\hnyre\OneDrive\Desktop\13.2 Rel1\lib\gcc\arm-none-eabi\13.2.1\thumb\v6-m\nofp\libnosys.a(errno.o)
 .data          0x20000004        0x0 C:\Users\hnyre\OneDrive\Desktop\13.2 Rel1\lib\gcc\arm-none-eabi\13.2.1\thumb\v6-m\nofp\libgcc.a(_divsi3.o)
 .data          0x20000004        0x0 C:\Users\hnyre\OneDrive\Desktop\13.2 Rel1\lib\gcc\arm-none-eabi\13.2.1\thumb\v6-m\nofp\libgcc.a(_dvmd_tls.o)
 .data          0x20000004        0x0 C:\Users\hnyre\OneDrive\Desktop\13.2 Rel1\lib\gcc\arm-none-eabi\13.2.1\thumb\v6-m\nofp\libgcc.a(divsf3.o)
 .data          0x20000004        0x0 C:\Users\hnyre\OneDrive\Desktop\13.2 Rel1\lib\gcc\arm-none-eabi\13.2.1\thumb\v6-m\nofp\libgcc.a(mulsf3.o)
 .data          0x20000004        0x0 C:\Users\hnyre\OneDrive\Desktop\13.2 Rel1\lib\gcc\arm-none-eabi\13.2.1\thumb\v6-m\nofp\libgcc.a(divdf3.o)
 .data          0x20000004        0x0 C:\Users\hnyre\OneDrive\Desktop\13.2 Rel1\lib\gcc\arm-none-eabi\13.2.1\thumb\v6-m\nofp\libgcc.a(floatsidf.o)
 .data          0x20000004        0x0 C:\Users\hnyre\OneDrive\Desktop\13.2 Rel1\lib\gcc\arm-none-eabi\13.2.1\thumb\v6-m\nofp\libgcc.a(extendsfdf2.o)
 .data          0x20000004        0x0 C:\Users\hnyre\OneDrive\Desktop\13.2 Rel1\lib\gcc\arm-none-eabi\13.2.1\thumb\v6-m\nofp\libgcc.a(truncdfsf2.o)
 .data          0x20000004        0x0 C:\Users\hnyre\OneDrive\Desktop\13.2 Rel1\lib\gcc\arm-none-eabi\13.2.1\thumb\v6-m\nofp\libgcc.a(_udivsi3.o)
 .data          0x20000004        0x0 C:\Users\hnyre\OneDrive\Desktop\13.2 Rel1\lib\gcc\arm-none-eabi\13.2.1\thumb\v6-m\nofp\libgcc.a(_clzsi2.o)
 .data          0x20000004        0x0 C:\Users\hnyre\OneDrive\Desktop\13.2 Rel1\lib\gcc\arm-none-eabi\13.2.1\thumb\v6-m\nofp\libc_nano.a(libc_a-nano-vfprintf_float.o)
 .data          0x20000004        0x0 C:\Users\hnyre\OneDrive\Desktop\13.2 Rel1\lib\gcc\arm-none-eabi\13.2.1\thumb\v6-m\nofp\libc_nano.a(libc_a-nano-vfprintf_i.o)
 .data          0x20000004        0x0 C:\Users\hnyre\OneDrive\Desktop\13.2 Rel1\lib\gcc\arm-none-eabi\13.2.1\thumb\v6-m\nofp\libc_nano.a(libc_a-fflush.o)
 .data          0x20000004        0x0 C:\Users\hnyre\OneDrive\Desktop\13.2 Rel1\lib\gcc\arm-none-eabi\13.2.1\thumb\v6-m\nofp\libc_nano.a(libc_a-findfp.o)
 .data.__sglue  0x20000004        0xc C:\Users\hnyre\OneDrive\Desktop\13.2 Rel1\lib\gcc\arm-none-eabi\13.2.1\thumb\v6-m\nofp\libc_nano.a(libc_a-findfp.o)
                0x20000004                __sglue
 .data          0x20000010        0x0 C:\Users\hnyre\OneDrive\Desktop\13.2 Rel1\lib\gcc\arm-none-eabi\13.2.1\thumb\v6-m\nofp\libc_nano.a(libc_a-fwalk.o)
 .data          0x20000010        0x0 C:\Users\hnyre\OneDrive\Desktop\13.2 Rel1\lib\gcc\arm-none-eabi\13.2.1\thumb\v6-m\nofp\libc_nano.a(libc_a-printf.o)
 .data          0x20000010        0x0 C:\Users\hnyre\OneDrive\Desktop\13.2 Rel1\lib\gcc\arm-none-eabi\13.2.1\thumb\v6-m\nofp\libc_nano.a(libc_a-puts.o)
 .data          0x20000010        0x0 C:\Users\hnyre\OneDrive\Desktop\13.2 Rel1\lib\gcc\arm-none-eabi\13.2.1\thumb\v6-m\nofp\libc_nano.a(libc_a-sprintf.o)
 .data          0x20000010        0x0 C:\Users\hnyre\OneDrive\Desktop\13.2 Rel1\lib\gcc\arm-none-eabi\13.2.1\thumb\v6-m\nofp\libc_nano.a(libc_a-stdio.o)
 .data          0x20000010        0x0 C:\Users\hnyre\OneDrive\Desktop\13.2 Rel1\lib\gcc\arm-none-eabi\13.2.1\thumb\v6-m\nofp\libc_nano.a(libc_a-wbuf.o)
 .data          0x20000010        0x0 C:\Users\hnyre\OneDrive\Desktop\13.2 Rel1\lib\gcc\arm-none-eabi\13.2.1\thumb\v6-m\nofp\libc_nano.a(libc_a-wsetup.o)
 .data          0x20000010        0x0 C:\Users\hnyre\OneDrive\Desktop\13.2 Rel1\lib\gcc\arm-none-eabi\13.2.1\thumb\v6-m\nofp\libc_nano.a(libc_a-memset.o)
 .data          0x20000010        0x0 C:\Users\hnyre\OneDrive\Desktop\13.2 Rel1\lib\gcc\arm-none-eabi\13.2.1\thumb\v6-m\nofp\libc_nano.a(libc_a-localeconv.o)
 .data          0x20000010        0x0 C:\Users\hnyre\OneDrive\Desktop\13.2 Rel1\lib\gcc\arm-none-eabi\13.2.1\thumb\v6-m\nofp\libc_nano.a(libc_a-closer.o)
 .data          0x20000010        0x0 C:\Users\hnyre\OneDrive\Desktop\13.2 Rel1\lib\gcc\arm-none-eabi\13.2.1\thumb\v6-m\nofp\libc_nano.a(libc_a-impure.o)
 .data._impure_ptr
                0x20000010        0x4 C:\Users\hnyre\OneDrive\Desktop\13.2 Rel1\lib\gcc\arm-none-eabi\13.2.1\thumb\v6-m\nofp\libc_nano.a(libc_a-impure.o)
                0x20000010                _impure_ptr
 .data._impure_data
                0x20000014       0x4c C:\Users\hnyre\OneDrive\Desktop\13.2 Rel1\lib\gcc\arm-none-eabi\13.2.1\thumb\v6-m\nofp\libc_nano.a(libc_a-impure.o)
                0x20000014                _impure_data
 .data          0x20000060        0x0 C:\Users\hnyre\OneDrive\Desktop\13.2 Rel1\lib\gcc\arm-none-eabi\13.2.1\thumb\v6-m\nofp\libc_nano.a(libc_a-lseekr.o)
 .data          0x20000060        0x0 C:\Users\hnyre\OneDrive\Desktop\13.2 Rel1\lib\gcc\arm-none-eabi\13.2.1\thumb\v6-m\nofp\libc_nano.a(libc_a-readr.o)
 .data          0x20000060        0x0 C:\Users\hnyre\OneDrive\Desktop\13.2 Rel1\lib\gcc\arm-none-eabi\13.2.1\thumb\v6-m\nofp\libc_nano.a(libc_a-writer.o)
 .data          0x20000060        0x0 C:\Users\hnyre\OneDrive\Desktop\13.2 Rel1\lib\gcc\arm-none-eabi\13.2.1\thumb\v6-m\nofp\libc_nano.a(libc_a-lock.o)
 .data          0x20000060        0x0 C:\Users\hnyre\OneDrive\Desktop\13.2 Rel1\lib\gcc\arm-none-eabi\13.2.1\thumb\v6-m\nofp\libc_nano.a(libc_a-memchr-stub.o)
 .data          0x20000060        0x0 C:\Users\hnyre\OneDrive\Desktop\13.2 Rel1\lib\gcc\arm-none-eabi\13.2.1\thumb\v6-m\nofp\libc_nano.a(libc_a-strlen.o)
 .data          0x20000060        0x0 C:\Users\hnyre\OneDrive\Desktop\13.2 Rel1\lib\gcc\arm-none-eabi\13.2.1\thumb\v6-m\nofp\libc_nano.a(libc_a-dtoa.o)
 .data          0x20000060        0x0 C:\Users\hnyre\OneDrive\Desktop\13.2 Rel1\lib\gcc\arm-none-eabi\13.2.1\thumb\v6-m\nofp\libc_nano.a(libc_a-freer.o)
 .data          0x20000060        0x0 C:\Users\hnyre\OneDrive\Desktop\13.2 Rel1\lib\gcc\arm-none-eabi\13.2.1\thumb\v6-m\nofp\libc_nano.a(libc_a-malloc.o)
 .data          0x20000060        0x0 C:\Users\hnyre\OneDrive\Desktop\13.2 Rel1\lib\gcc\arm-none-eabi\13.2.1\thumb\v6-m\nofp\libc_nano.a(libc_a-mallocr.o)
 .data          0x20000060        0x0 C:\Users\hnyre\OneDrive\Desktop\13.2 Rel1\lib\gcc\arm-none-eabi\13.2.1\thumb\v6-m\nofp\libc_nano.a(libc_a-mlock.o)
 .data          0x20000060        0x0 C:\Users\hnyre\OneDrive\Desktop\13.2 Rel1\lib\gcc\arm-none-eabi\13.2.1\thumb\v6-m\nofp\libc_nano.a(libc_a-mprec.o)
 .data          0x20000060        0x0 C:\Users\hnyre\OneDrive\Desktop\13.2 Rel1\lib\gcc\arm-none-eabi\13.2.1\thumb\v6-m\nofp\libc_nano.a(libc_a-nano-svfprintf.o)
 .data          0x20000060        0x0 C:\Users\hnyre\OneDrive\Desktop\13.2 Rel1\lib\gcc\arm-none-eabi\13.2.1\thumb\v6-m\nofp\libc_nano.a(libc_a-nano-vfprintf.o)
 .data          0x20000060        0x0 C:\Users\hnyre\OneDrive\Desktop\13.2 Rel1\lib\gcc\arm-none-eabi\13.2.1\thumb\v6-m\nofp\libc_nano.a(libc_a-fvwrite.o)
 .data          0x20000060        0x0 C:\Users\hnyre\OneDrive\Desktop\13.2 Rel1\lib\gcc\arm-none-eabi\13.2.1\thumb\v6-m\nofp\libc_nano.a(libc_a-makebuf.o)
 .data          0x20000060        0x0 C:\Users\hnyre\OneDrive\Desktop\13.2 Rel1\lib\gcc\arm-none-eabi\13.2.1\thumb\v6-m\nofp\libc_nano.a(libc_a-memmove.o)
 .data          0x20000060        0x0 C:\Users\hnyre\OneDrive\Desktop\13.2 Rel1\lib\gcc\arm-none-eabi\13.2.1\thumb\v6-m\nofp\libc_nano.a(libc_a-locale.o)
 .data.__global_locale
                0x20000060      0x16c C:\Users\hnyre\OneDrive\Desktop\13.2 Rel1\lib\gcc\arm-none-eabi\13.2.1\thumb\v6-m\nofp\libc_nano.a(libc_a-locale.o)
                0x20000060                __global_locale
 .data          0x200001cc        0x0 C:\Users\hnyre\OneDrive\Desktop\13.2 Rel1\lib\gcc\arm-none-eabi\13.2.1\thumb\v6-m\nofp\libc_nano.a(libc_a-fstatr.o)
 .data          0x200001cc        0x0 C:\Users\hnyre\OneDrive\Desktop\13.2 Rel1\lib\gcc\arm-none-eabi\13.2.1\thumb\v6-m\nofp\libc_nano.a(libc_a-isattyr.o)
 .data          0x200001cc        0x0 C:\Users\hnyre\OneDrive\Desktop\13.2 Rel1\lib\gcc\arm-none-eabi\13.2.1\thumb\v6-m\nofp\libc_nano.a(libc_a-sbrkr.o)
 .data          0x200001cc        0x0 C:\Users\hnyre\OneDrive\Desktop\13.2 Rel1\lib\gcc\arm-none-eabi\13.2.1\thumb\v6-m\nofp\libc_nano.a(libc_a-strcmp.o)
 .data          0x200001cc        0x0 C:\Users\hnyre\OneDrive\Desktop\13.2 Rel1\lib\gcc\arm-none-eabi\13.2.1\thumb\v6-m\nofp\libc_nano.a(libc_a-memcpy-stub.o)
 .data          0x200001cc        0x0 C:\Users\hnyre\OneDrive\Desktop\13.2 Rel1\lib\gcc\arm-none-eabi\13.2.1\thumb\v6-m\nofp\libc_nano.a(libc_a-assert.o)
 .data          0x200001cc        0x0 C:\Users\hnyre\OneDrive\Desktop\13.2 Rel1\lib\gcc\arm-none-eabi\13.2.1\thumb\v6-m\nofp\libc_nano.a(libc_a-callocr.o)
 .data          0x200001cc        0x0 C:\Users\hnyre\OneDrive\Desktop\13.2 Rel1\lib\gcc\arm-none-eabi\13.2.1\thumb\v6-m\nofp\libc_nano.a(libc_a-mbtowc_r.o)
 .data          0x200001cc        0x0 C:\Users\hnyre\OneDrive\Desktop\13.2 Rel1\lib\gcc\arm-none-eabi\13.2.1\thumb\v6-m\nofp\libc_nano.a(libc_a-reallocr.o)
 .data          0x200001cc        0x0 C:\Users\hnyre\OneDrive\Desktop\13.2 Rel1\lib\gcc\arm-none-eabi\13.2.1\thumb\v6-m\nofp\libc_nano.a(libc_a-wctomb_r.o)
 .data          0x200001cc        0x0 C:\Users\hnyre\OneDrive\Desktop\13.2 Rel1\lib\gcc\arm-none-eabi\13.2.1\thumb\v6-m\nofp\libc_nano.a(libc_a-ctype_.o)
 .data          0x200001cc        0x0 C:\Users\hnyre\OneDrive\Desktop\13.2 Rel1\lib\gcc\arm-none-eabi\13.2.1\thumb\v6-m\nofp\libc_nano.a(libc_a-fprintf.o)
 .data          0x200001cc        0x0 C:\Users\hnyre\OneDrive\Desktop\13.2 Rel1\lib\gcc\arm-none-eabi\13.2.1\thumb\v6-m\nofp\libc_nano.a(libc_a-abort.o)
 .data          0x200001cc        0x0 C:\Users\hnyre\OneDrive\Desktop\13.2 Rel1\lib\gcc\arm-none-eabi\13.2.1\thumb\v6-m\nofp\libc_nano.a(libc_a-msizer.o)
 .data          0x200001cc        0x0 C:\Users\hnyre\OneDrive\Desktop\13.2 Rel1\lib\gcc\arm-none-eabi\13.2.1\thumb\v6-m\nofp\libc_nano.a(libc_a-signal.o)
 .data          0x200001cc        0x0 C:\Users\hnyre\OneDrive\Desktop\13.2 Rel1\lib\gcc\arm-none-eabi\13.2.1\thumb\v6-m\nofp\libc_nano.a(libc_a-signalr.o)
 .data          0x200001cc        0x0 C:\Users\hnyre\OneDrive\Desktop\13.2 Rel1\lib\gcc\arm-none-eabi\13.2.1\thumb\v6-m\nofp\libgcc.a(_thumb1_case_uqi.o)
 .data          0x200001cc        0x0 C:\Users\hnyre\OneDrive\Desktop\13.2 Rel1\lib\gcc\arm-none-eabi\13.2.1\thumb\v6-m\nofp\libgcc.a(_thumb1_case_shi.o)
 .data          0x200001cc        0x0 C:\Users\hnyre\OneDrive\Desktop\13.2 Rel1\lib\gcc\arm-none-eabi\13.2.1\thumb\v6-m\nofp\libgcc.a(_arm_cmpdf2.o)
 .data          0x200001cc        0x0 C:\Users\hnyre\OneDrive\Desktop\13.2 Rel1\lib\gcc\arm-none-eabi\13.2.1\thumb\v6-m\nofp\libgcc.a(adddf3.o)
 .data          0x200001cc        0x0 C:\Users\hnyre\OneDrive\Desktop\13.2 Rel1\lib\gcc\arm-none-eabi\13.2.1\thumb\v6-m\nofp\libgcc.a(eqdf2.o)
 .data          0x200001cc        0x0 C:\Users\hnyre\OneDrive\Desktop\13.2 Rel1\lib\gcc\arm-none-eabi\13.2.1\thumb\v6-m\nofp\libgcc.a(gedf2.o)
 .data          0x200001cc        0x0 C:\Users\hnyre\OneDrive\Desktop\13.2 Rel1\lib\gcc\arm-none-eabi\13.2.1\thumb\v6-m\nofp\libgcc.a(ledf2.o)
 .data          0x200001cc        0x0 C:\Users\hnyre\OneDrive\Desktop\13.2 Rel1\lib\gcc\arm-none-eabi\13.2.1\thumb\v6-m\nofp\libgcc.a(muldf3.o)
 .data          0x200001cc        0x0 C:\Users\hnyre\OneDrive\Desktop\13.2 Rel1\lib\gcc\arm-none-eabi\13.2.1\thumb\v6-m\nofp\libgcc.a(subdf3.o)
 .data          0x200001cc        0x0 C:\Users\hnyre\OneDrive\Desktop\13.2 Rel1\lib\gcc\arm-none-eabi\13.2.1\thumb\v6-m\nofp\libgcc.a(unorddf2.o)
 .data          0x200001cc        0x0 C:\Users\hnyre\OneDrive\Desktop\13.2 Rel1\lib\gcc\arm-none-eabi\13.2.1\thumb\v6-m\nofp\libgcc.a(fixdfsi.o)
 .data          0x200001cc        0x0 C:\Users\hnyre\OneDrive\Desktop\13.2 Rel1\lib\gcc\arm-none-eabi\13.2.1\thumb\v6-m\nofp\libgcc.a(floatunsidf.o)
                0x200001cc                        . = ALIGN (0x4)
                0x200001cc                        _edata = .

.igot.plt       0x200001cc        0x0 load address 0x08007998
 .igot.plt      0x200001cc        0x0 main.o

.bss            0x200001cc      0x200 load address 0x08007998
                0x200001cc                        _bss = .
 *(.bss*)
 .bss           0x200001cc        0x0 main.o
 .bss           0x200001cc        0x0 startup.o
 .bss           0x200001cc       0xa4 serial.o
                0x200001cc                ComRXBuffer
                0x20000218                ComTXBuffer
                0x20000264                ComOpen
                0x20000268                ComError
                0x2000026c                ComBusy
 .bss           0x20000270        0x8 newlib_stubs.o
                0x20000270                __env
 .bss           0x20000278        0x0 C:\Users\hnyre\OneDrive\Desktop\13.2 Rel1\lib\gcc\arm-none-eabi\13.2.1\thumb\v6-m\nofp\libnosys.a(errno.o)
 .bss.errno     0x20000278        0x4 C:\Users\hnyre\OneDrive\Desktop\13.2 Rel1\lib\gcc\arm-none-eabi\13.2.1\thumb\v6-m\nofp\libnosys.a(errno.o)
                0x20000278                errno
 .bss           0x2000027c        0x0 C:\Users\hnyre\OneDrive\Desktop\13.2 Rel1\lib\gcc\arm-none-eabi\13.2.1\thumb\v6-m\nofp\libgcc.a(_divsi3.o)
 .bss           0x2000027c        0x0 C:\Users\hnyre\OneDrive\Desktop\13.2 Rel1\lib\gcc\arm-none-eabi\13.2.1\thumb\v6-m\nofp\libgcc.a(_dvmd_tls.o)
 .bss           0x2000027c        0x0 C:\Users\hnyre\OneDrive\Desktop\13.2 Rel1\lib\gcc\arm-none-eabi\13.2.1\thumb\v6-m\nofp\libgcc.a(divsf3.o)
 .bss           0x2000027c        0x0 C:\Users\hnyre\OneDrive\Desktop\13.2 Rel1\lib\gcc\arm-none-eabi\13.2.1\thumb\v6-m\nofp\libgcc.a(mulsf3.o)
 .bss           0x2000027c        0x0 C:\Users\hnyre\OneDrive\Desktop\13.2 Rel1\lib\gcc\arm-none-eabi\13.2.1\thumb\v6-m\nofp\libgcc.a(divdf3.o)
 .bss           0x2000027c        0x0 C:\Users\hnyre\OneDrive\Desktop\13.2 Rel1\lib\gcc\arm-none-eabi\13.2.1\thumb\v6-m\nofp\libgcc.a(floatsidf.o)
 .bss           0x2000027c        0x0 C:\Users\hnyre\OneDrive\Desktop\13.2 Rel1\lib\gcc\arm-none-eabi\13.2.1\thumb\v6-m\nofp\libgcc.a(extendsfdf2.o)
 .bss           0x2000027c        0x0 C:\Users\hnyre\OneDrive\Desktop\13.2 Rel1\lib\gcc\arm-none-eabi\13.2.1\thumb\v6-m\nofp\libgcc.a(truncdfsf2.o)
 .bss           0x2000027c        0x0 C:\Users\hnyre\OneDrive\Desktop\13.2 Rel1\lib\gcc\arm-none-eabi\13.2.1\thumb\v6-m\nofp\libgcc.a(_udivsi3.o)
 .bss           0x2000027c        0x0 C:\Users\hnyre\OneDrive\Desktop\13.2 Rel1\lib\gcc\arm-none-eabi\13.2.1\thumb\v6-m\nofp\libgcc.a(_clzsi2.o)
 .bss           0x2000027c        0x0 C:\Users\hnyre\OneDrive\Desktop\13.2 Rel1\lib\gcc\arm-none-eabi\13.2.1\thumb\v6-m\nofp\libc_nano.a(libc_a-nano-vfprintf_float.o)
 .bss           0x2000027c        0x0 C:\Users\hnyre\OneDrive\Desktop\13.2 Rel1\lib\gcc\arm-none-eabi\13.2.1\thumb\v6-m\nofp\libc_nano.a(libc_a-nano-vfprintf_i.o)
 .bss           0x2000027c        0x0 C:\Users\hnyre\OneDrive\Desktop\13.2 Rel1\lib\gcc\arm-none-eabi\13.2.1\thumb\v6-m\nofp\libc_nano.a(libc_a-fflush.o)
 .bss           0x2000027c        0x0 C:\Users\hnyre\OneDrive\Desktop\13.2 Rel1\lib\gcc\arm-none-eabi\13.2.1\thumb\v6-m\nofp\libc_nano.a(libc_a-findfp.o)
 .bss.__sf      0x2000027c      0x138 C:\Users\hnyre\OneDrive\Desktop\13.2 Rel1\lib\gcc\arm-none-eabi\13.2.1\thumb\v6-m\nofp\libc_nano.a(libc_a-findfp.o)
                0x2000027c                __sf
 .bss.__stdio_exit_handler
                0x200003b4        0x4 C:\Users\hnyre\OneDrive\Desktop\13.2 Rel1\lib\gcc\arm-none-eabi\13.2.1\thumb\v6-m\nofp\libc_nano.a(libc_a-findfp.o)
                0x200003b4                __stdio_exit_handler
 .bss           0x200003b8        0x0 C:\Users\hnyre\OneDrive\Desktop\13.2 Rel1\lib\gcc\arm-none-eabi\13.2.1\thumb\v6-m\nofp\libc_nano.a(libc_a-fwalk.o)
 .bss           0x200003b8        0x0 C:\Users\hnyre\OneDrive\Desktop\13.2 Rel1\lib\gcc\arm-none-eabi\13.2.1\thumb\v6-m\nofp\libc_nano.a(libc_a-printf.o)
 .bss           0x200003b8        0x0 C:\Users\hnyre\OneDrive\Desktop\13.2 Rel1\lib\gcc\arm-none-eabi\13.2.1\thumb\v6-m\nofp\libc_nano.a(libc_a-puts.o)
 .bss           0x200003b8        0x0 C:\Users\hnyre\OneDrive\Desktop\13.2 Rel1\lib\gcc\arm-none-eabi\13.2.1\thumb\v6-m\nofp\libc_nano.a(libc_a-sprintf.o)
 .bss           0x200003b8        0x0 C:\Users\hnyre\OneDrive\Desktop\13.2 Rel1\lib\gcc\arm-none-eabi\13.2.1\thumb\v6-m\nofp\libc_nano.a(libc_a-stdio.o)
 .bss           0x200003b8        0x0 C:\Users\hnyre\OneDrive\Desktop\13.2 Rel1\lib\gcc\arm-none-eabi\13.2.1\thumb\v6-m\nofp\libc_nano.a(libc_a-wbuf.o)
 .bss           0x200003b8        0x0 C:\Users\hnyre\OneDrive\Desktop\13.2 Rel1\lib\gcc\arm-none-eabi\13.2.1\thumb\v6-m\nofp\libc_nano.a(libc_a-wsetup.o)
 .bss           0x200003b8        0x0 C:\Users\hnyre\OneDrive\Desktop\13.2 Rel1\lib\gcc\arm-none-eabi\13.2.1\thumb\v6-m\nofp\libc_nano.a(libc_a-memset.o)
 .bss           0x200003b8        0x0 C:\Users\hnyre\OneDrive\Desktop\13.2 Rel1\lib\gcc\arm-none-eabi\13.2.1\thumb\v6-m\nofp\libc_nano.a(libc_a-localeconv.o)
 .bss           0x200003b8        0x0 C:\Users\hnyre\OneDrive\Desktop\13.2 Rel1\lib\gcc\arm-none-eabi\13.2.1\thumb\v6-m\nofp\libc_nano.a(libc_a-closer.o)
 .bss           0x200003b8        0x0 C:\Users\hnyre\OneDrive\Desktop\13.2 Rel1\lib\gcc\arm-none-eabi\13.2.1\thumb\v6-m\nofp\libc_nano.a(libc_a-impure.o)
 .bss           0x200003b8        0x0 C:\Users\hnyre\OneDrive\Desktop\13.2 Rel1\lib\gcc\arm-none-eabi\13.2.1\thumb\v6-m\nofp\libc_nano.a(libc_a-lseekr.o)
 .bss           0x200003b8        0x0 C:\Users\hnyre\OneDrive\Desktop\13.2 Rel1\lib\gcc\arm-none-eabi\13.2.1\thumb\v6-m\nofp\libc_nano.a(libc_a-readr.o)
 .bss           0x200003b8        0x0 C:\Users\hnyre\OneDrive\Desktop\13.2 Rel1\lib\gcc\arm-none-eabi\13.2.1\thumb\v6-m\nofp\libc_nano.a(libc_a-writer.o)
 .bss           0x200003b8        0x0 C:\Users\hnyre\OneDrive\Desktop\13.2 Rel1\lib\gcc\arm-none-eabi\13.2.1\thumb\v6-m\nofp\libc_nano.a(libc_a-lock.o)
 .bss.__lock___arc4random_mutex
                0x200003b8        0x1 C:\Users\hnyre\OneDrive\Desktop\13.2 Rel1\lib\gcc\arm-none-eabi\13.2.1\thumb\v6-m\nofp\libc_nano.a(libc_a-lock.o)
                0x200003b8                __lock___arc4random_mutex
 .bss.__lock___dd_hash_mutex
                0x200003b9        0x1 C:\Users\hnyre\OneDrive\Desktop\13.2 Rel1\lib\gcc\arm-none-eabi\13.2.1\thumb\v6-m\nofp\libc_nano.a(libc_a-lock.o)
                0x200003b9                __lock___dd_hash_mutex
 .bss.__lock___tz_mutex
                0x200003ba        0x1 C:\Users\hnyre\OneDrive\Desktop\13.2 Rel1\lib\gcc\arm-none-eabi\13.2.1\thumb\v6-m\nofp\libc_nano.a(libc_a-lock.o)
                0x200003ba                __lock___tz_mutex
 .bss.__lock___env_recursive_mutex
                0x200003bb        0x1 C:\Users\hnyre\OneDrive\Desktop\13.2 Rel1\lib\gcc\arm-none-eabi\13.2.1\thumb\v6-m\nofp\libc_nano.a(libc_a-lock.o)
                0x200003bb                __lock___env_recursive_mutex
 .bss.__lock___malloc_recursive_mutex
                0x200003bc        0x1 C:\Users\hnyre\OneDrive\Desktop\13.2 Rel1\lib\gcc\arm-none-eabi\13.2.1\thumb\v6-m\nofp\libc_nano.a(libc_a-lock.o)
                0x200003bc                __lock___malloc_recursive_mutex
 .bss.__lock___at_quick_exit_mutex
                0x200003bd        0x1 C:\Users\hnyre\OneDrive\Desktop\13.2 Rel1\lib\gcc\arm-none-eabi\13.2.1\thumb\v6-m\nofp\libc_nano.a(libc_a-lock.o)
                0x200003bd                __lock___at_quick_exit_mutex
 .bss.__lock___atexit_recursive_mutex
                0x200003be        0x1 C:\Users\hnyre\OneDrive\Desktop\13.2 Rel1\lib\gcc\arm-none-eabi\13.2.1\thumb\v6-m\nofp\libc_nano.a(libc_a-lock.o)
                0x200003be                __lock___atexit_recursive_mutex
 .bss.__lock___sfp_recursive_mutex
                0x200003bf        0x1 C:\Users\hnyre\OneDrive\Desktop\13.2 Rel1\lib\gcc\arm-none-eabi\13.2.1\thumb\v6-m\nofp\libc_nano.a(libc_a-lock.o)
                0x200003bf                __lock___sfp_recursive_mutex
 .bss           0x200003c0        0x0 C:\Users\hnyre\OneDrive\Desktop\13.2 Rel1\lib\gcc\arm-none-eabi\13.2.1\thumb\v6-m\nofp\libc_nano.a(libc_a-memchr-stub.o)
 .bss           0x200003c0        0x0 C:\Users\hnyre\OneDrive\Desktop\13.2 Rel1\lib\gcc\arm-none-eabi\13.2.1\thumb\v6-m\nofp\libc_nano.a(libc_a-strlen.o)
 .bss           0x200003c0        0x0 C:\Users\hnyre\OneDrive\Desktop\13.2 Rel1\lib\gcc\arm-none-eabi\13.2.1\thumb\v6-m\nofp\libc_nano.a(libc_a-dtoa.o)
 .bss           0x200003c0        0x0 C:\Users\hnyre\OneDrive\Desktop\13.2 Rel1\lib\gcc\arm-none-eabi\13.2.1\thumb\v6-m\nofp\libc_nano.a(libc_a-freer.o)
 .bss           0x200003c0        0x0 C:\Users\hnyre\OneDrive\Desktop\13.2 Rel1\lib\gcc\arm-none-eabi\13.2.1\thumb\v6-m\nofp\libc_nano.a(libc_a-malloc.o)
 .bss           0x200003c0        0x0 C:\Users\hnyre\OneDrive\Desktop\13.2 Rel1\lib\gcc\arm-none-eabi\13.2.1\thumb\v6-m\nofp\libc_nano.a(libc_a-mallocr.o)
 .bss.__malloc_sbrk_start
                0x200003c0        0x4 C:\Users\hnyre\OneDrive\Desktop\13.2 Rel1\lib\gcc\arm-none-eabi\13.2.1\thumb\v6-m\nofp\libc_nano.a(libc_a-mallocr.o)
                0x200003c0                __malloc_sbrk_start
 .bss.__malloc_free_list
                0x200003c4        0x4 C:\Users\hnyre\OneDrive\Desktop\13.2 Rel1\lib\gcc\arm-none-eabi\13.2.1\thumb\v6-m\nofp\libc_nano.a(libc_a-mallocr.o)
                0x200003c4                __malloc_free_list
 .bss           0x200003c8        0x0 C:\Users\hnyre\OneDrive\Desktop\13.2 Rel1\lib\gcc\arm-none-eabi\13.2.1\thumb\v6-m\nofp\libc_nano.a(libc_a-mlock.o)
 .bss           0x200003c8        0x0 C:\Users\hnyre\OneDrive\Desktop\13.2 Rel1\lib\gcc\arm-none-eabi\13.2.1\thumb\v6-m\nofp\libc_nano.a(libc_a-mprec.o)
 .bss           0x200003c8        0x0 C:\Users\hnyre\OneDrive\Desktop\13.2 Rel1\lib\gcc\arm-none-eabi\13.2.1\thumb\v6-m\nofp\libc_nano.a(libc_a-nano-svfprintf.o)
 .bss           0x200003c8        0x0 C:\Users\hnyre\OneDrive\Desktop\13.2 Rel1\lib\gcc\arm-none-eabi\13.2.1\thumb\v6-m\nofp\libc_nano.a(libc_a-nano-vfprintf.o)
 .bss           0x200003c8        0x0 C:\Users\hnyre\OneDrive\Desktop\13.2 Rel1\lib\gcc\arm-none-eabi\13.2.1\thumb\v6-m\nofp\libc_nano.a(libc_a-fvwrite.o)
 .bss           0x200003c8        0x0 C:\Users\hnyre\OneDrive\Desktop\13.2 Rel1\lib\gcc\arm-none-eabi\13.2.1\thumb\v6-m\nofp\libc_nano.a(libc_a-makebuf.o)
 .bss           0x200003c8        0x0 C:\Users\hnyre\OneDrive\Desktop\13.2 Rel1\lib\gcc\arm-none-eabi\13.2.1\thumb\v6-m\nofp\libc_nano.a(libc_a-memmove.o)
 .bss           0x200003c8        0x0 C:\Users\hnyre\OneDrive\Desktop\13.2 Rel1\lib\gcc\arm-none-eabi\13.2.1\thumb\v6-m\nofp\libc_nano.a(libc_a-locale.o)
 .bss._PathLocale
                0x200003c8        0x4 C:\Users\hnyre\OneDrive\Desktop\13.2 Rel1\lib\gcc\arm-none-eabi\13.2.1\thumb\v6-m\nofp\libc_nano.a(libc_a-locale.o)
                0x200003c8                _PathLocale
 .bss           0x200003cc        0x0 C:\Users\hnyre\OneDrive\Desktop\13.2 Rel1\lib\gcc\arm-none-eabi\13.2.1\thumb\v6-m\nofp\libc_nano.a(libc_a-fstatr.o)
 .bss           0x200003cc        0x0 C:\Users\hnyre\OneDrive\Desktop\13.2 Rel1\lib\gcc\arm-none-eabi\13.2.1\thumb\v6-m\nofp\libc_nano.a(libc_a-isattyr.o)
 .bss           0x200003cc        0x0 C:\Users\hnyre\OneDrive\Desktop\13.2 Rel1\lib\gcc\arm-none-eabi\13.2.1\thumb\v6-m\nofp\libc_nano.a(libc_a-sbrkr.o)
 .bss           0x200003cc        0x0 C:\Users\hnyre\OneDrive\Desktop\13.2 Rel1\lib\gcc\arm-none-eabi\13.2.1\thumb\v6-m\nofp\libc_nano.a(libc_a-strcmp.o)
 .bss           0x200003cc        0x0 C:\Users\hnyre\OneDrive\Desktop\13.2 Rel1\lib\gcc\arm-none-eabi\13.2.1\thumb\v6-m\nofp\libc_nano.a(libc_a-memcpy-stub.o)
 .bss           0x200003cc        0x0 C:\Users\hnyre\OneDrive\Desktop\13.2 Rel1\lib\gcc\arm-none-eabi\13.2.1\thumb\v6-m\nofp\libc_nano.a(libc_a-assert.o)
 .bss           0x200003cc        0x0 C:\Users\hnyre\OneDrive\Desktop\13.2 Rel1\lib\gcc\arm-none-eabi\13.2.1\thumb\v6-m\nofp\libc_nano.a(libc_a-callocr.o)
 .bss           0x200003cc        0x0 C:\Users\hnyre\OneDrive\Desktop\13.2 Rel1\lib\gcc\arm-none-eabi\13.2.1\thumb\v6-m\nofp\libc_nano.a(libc_a-mbtowc_r.o)
 .bss           0x200003cc        0x0 C:\Users\hnyre\OneDrive\Desktop\13.2 Rel1\lib\gcc\arm-none-eabi\13.2.1\thumb\v6-m\nofp\libc_nano.a(libc_a-reallocr.o)
 .bss           0x200003cc        0x0 C:\Users\hnyre\OneDrive\Desktop\13.2 Rel1\lib\gcc\arm-none-eabi\13.2.1\thumb\v6-m\nofp\libc_nano.a(libc_a-wctomb_r.o)
 .bss           0x200003cc        0x0 C:\Users\hnyre\OneDrive\Desktop\13.2 Rel1\lib\gcc\arm-none-eabi\13.2.1\thumb\v6-m\nofp\libc_nano.a(libc_a-ctype_.o)
 .bss           0x200003cc        0x0 C:\Users\hnyre\OneDrive\Desktop\13.2 Rel1\lib\gcc\arm-none-eabi\13.2.1\thumb\v6-m\nofp\libc_nano.a(libc_a-fprintf.o)
 .bss           0x200003cc        0x0 C:\Users\hnyre\OneDrive\Desktop\13.2 Rel1\lib\gcc\arm-none-eabi\13.2.1\thumb\v6-m\nofp\libc_nano.a(libc_a-abort.o)
 .bss           0x200003cc        0x0 C:\Users\hnyre\OneDrive\Desktop\13.2 Rel1\lib\gcc\arm-none-eabi\13.2.1\thumb\v6-m\nofp\libc_nano.a(libc_a-msizer.o)
 .bss           0x200003cc        0x0 C:\Users\hnyre\OneDrive\Desktop\13.2 Rel1\lib\gcc\arm-none-eabi\13.2.1\thumb\v6-m\nofp\libc_nano.a(libc_a-signal.o)
 .bss           0x200003cc        0x0 C:\Users\hnyre\OneDrive\Desktop\13.2 Rel1\lib\gcc\arm-none-eabi\13.2.1\thumb\v6-m\nofp\libc_nano.a(libc_a-signalr.o)
 .bss           0x200003cc        0x0 C:\Users\hnyre\OneDrive\Desktop\13.2 Rel1\lib\gcc\arm-none-eabi\13.2.1\thumb\v6-m\nofp\libgcc.a(_thumb1_case_uqi.o)
 .bss           0x200003cc        0x0 C:\Users\hnyre\OneDrive\Desktop\13.2 Rel1\lib\gcc\arm-none-eabi\13.2.1\thumb\v6-m\nofp\libgcc.a(_thumb1_case_shi.o)
 .bss           0x200003cc        0x0 C:\Users\hnyre\OneDrive\Desktop\13.2 Rel1\lib\gcc\arm-none-eabi\13.2.1\thumb\v6-m\nofp\libgcc.a(_arm_cmpdf2.o)
 .bss           0x200003cc        0x0 C:\Users\hnyre\OneDrive\Desktop\13.2 Rel1\lib\gcc\arm-none-eabi\13.2.1\thumb\v6-m\nofp\libgcc.a(adddf3.o)
 .bss           0x200003cc        0x0 C:\Users\hnyre\OneDrive\Desktop\13.2 Rel1\lib\gcc\arm-none-eabi\13.2.1\thumb\v6-m\nofp\libgcc.a(eqdf2.o)
 .bss           0x200003cc        0x0 C:\Users\hnyre\OneDrive\Desktop\13.2 Rel1\lib\gcc\arm-none-eabi\13.2.1\thumb\v6-m\nofp\libgcc.a(gedf2.o)
 .bss           0x200003cc        0x0 C:\Users\hnyre\OneDrive\Desktop\13.2 Rel1\lib\gcc\arm-none-eabi\13.2.1\thumb\v6-m\nofp\libgcc.a(ledf2.o)
 .bss           0x200003cc        0x0 C:\Users\hnyre\OneDrive\Desktop\13.2 Rel1\lib\gcc\arm-none-eabi\13.2.1\thumb\v6-m\nofp\libgcc.a(muldf3.o)
 .bss           0x200003cc        0x0 C:\Users\hnyre\OneDrive\Desktop\13.2 Rel1\lib\gcc\arm-none-eabi\13.2.1\thumb\v6-m\nofp\libgcc.a(subdf3.o)
 .bss           0x200003cc        0x0 C:\Users\hnyre\OneDrive\Desktop\13.2 Rel1\lib\gcc\arm-none-eabi\13.2.1\thumb\v6-m\nofp\libgcc.a(unorddf2.o)
 .bss           0x200003cc        0x0 C:\Users\hnyre\OneDrive\Desktop\13.2 Rel1\lib\gcc\arm-none-eabi\13.2.1\thumb\v6-m\nofp\libgcc.a(fixdfsi.o)
 .bss           0x200003cc        0x0 C:\Users\hnyre\OneDrive\Desktop\13.2 Rel1\lib\gcc\arm-none-eabi\13.2.1\thumb\v6-m\nofp\libgcc.a(floatunsidf.o)
 *(COMMON)
                0x200003cc                        . = ALIGN (0x4)
                0x200003cc                        _ebss = .
                [!provide]                        PROVIDE (end = .)
                0x200003cc                        PROVIDE (_HeapStart = .)
                0x20002000                        PROVIDE (_StackTop = (ORIGIN (ram) + LENGTH (ram)))
OUTPUT(main.elf elf32-littlearm)
LOAD linker stubs

.debug_info     0x00000000     0x1e2f
 .debug_info    0x00000000      0xbfc main.o
 .debug_info    0x00000bfc      0x391 startup.o
 .debug_info    0x00000f8d      0x79e serial.o
 .debug_info    0x0000172b      0x704 newlib_stubs.o

.debug_abbrev   0x00000000      0x825
 .debug_abbrev  0x00000000      0x2a8 main.o
 .debug_abbrev  0x000002a8      0x1c2 startup.o
 .debug_abbrev  0x0000046a      0x208 serial.o
 .debug_abbrev  0x00000672      0x1b3 newlib_stubs.o

.debug_aranges  0x00000000       0x88
 .debug_aranges
                0x00000000       0x20 main.o
 .debug_aranges
                0x00000020       0x28 startup.o
 .debug_aranges
                0x00000048       0x20 serial.o
 .debug_aranges
                0x00000068       0x20 newlib_stubs.o

.debug_line     0x00000000      0xfcc
 .debug_line    0x00000000      0x592 main.o
 .debug_line    0x00000592      0x293 startup.o
 .debug_line    0x00000825      0x4f2 serial.o
 .debug_line    0x00000d17      0x2b5 newlib_stubs.o

.debug_str      0x00000000      0xa0f
 .debug_str     0x00000000      0xa0f main.o
                                0x620 (size before relaxing)
 .debug_str     0x00000a0f      0x2da startup.o
 .debug_str     0x00000a0f      0x399 serial.o
 .debug_str     0x00000a0f      0x3cb newlib_stubs.o

.comment        0x00000000       0x44
 .comment       0x00000000       0x44 main.o
                                 0x45 (size before relaxing)
 .comment       0x00000044       0x45 startup.o
 .comment       0x00000044       0x45 serial.o
 .comment       0x00000044       0x45 newlib_stubs.o

.ARM.attributes
                0x00000000       0x2a
 .ARM.attributes
                0x00000000       0x2c main.o
 .ARM.attributes
                0x0000002c       0x2c startup.o
 .ARM.attributes
                0x00000058       0x2c serial.o
 .ARM.attributes
                0x00000084       0x2c newlib_stubs.o
 .ARM.attributes
                0x000000b0       0x2c C:\Users\hnyre\OneDrive\Desktop\13.2 Rel1\lib\gcc\arm-none-eabi\13.2.1\thumb\v6-m\nofp\libnosys.a(errno.o)
 .ARM.attributes
                0x000000dc       0x1e C:\Users\hnyre\OneDrive\Desktop\13.2 Rel1\lib\gcc\arm-none-eabi\13.2.1\thumb\v6-m\nofp\libgcc.a(_divsi3.o)
 .ARM.attributes
                0x000000fa       0x1e C:\Users\hnyre\OneDrive\Desktop\13.2 Rel1\lib\gcc\arm-none-eabi\13.2.1\thumb\v6-m\nofp\libgcc.a(_dvmd_tls.o)
 .ARM.attributes
                0x00000118       0x2c C:\Users\hnyre\OneDrive\Desktop\13.2 Rel1\lib\gcc\arm-none-eabi\13.2.1\thumb\v6-m\nofp\libgcc.a(divsf3.o)
 .ARM.attributes
                0x00000144       0x2c C:\Users\hnyre\OneDrive\Desktop\13.2 Rel1\lib\gcc\arm-none-eabi\13.2.1\thumb\v6-m\nofp\libgcc.a(mulsf3.o)
 .ARM.attributes
                0x00000170       0x2c C:\Users\hnyre\OneDrive\Desktop\13.2 Rel1\lib\gcc\arm-none-eabi\13.2.1\thumb\v6-m\nofp\libgcc.a(divdf3.o)
 .ARM.attributes
                0x0000019c       0x2c C:\Users\hnyre\OneDrive\Desktop\13.2 Rel1\lib\gcc\arm-none-eabi\13.2.1\thumb\v6-m\nofp\libgcc.a(floatsidf.o)
 .ARM.attributes
                0x000001c8       0x2c C:\Users\hnyre\OneDrive\Desktop\13.2 Rel1\lib\gcc\arm-none-eabi\13.2.1\thumb\v6-m\nofp\libgcc.a(extendsfdf2.o)
 .ARM.attributes
                0x000001f4       0x2c C:\Users\hnyre\OneDrive\Desktop\13.2 Rel1\lib\gcc\arm-none-eabi\13.2.1\thumb\v6-m\nofp\libgcc.a(truncdfsf2.o)
 .ARM.attributes
                0x00000220       0x1e C:\Users\hnyre\OneDrive\Desktop\13.2 Rel1\lib\gcc\arm-none-eabi\13.2.1\thumb\v6-m\nofp\libgcc.a(_udivsi3.o)
 .ARM.attributes
                0x0000023e       0x1e C:\Users\hnyre\OneDrive\Desktop\13.2 Rel1\lib\gcc\arm-none-eabi\13.2.1\thumb\v6-m\nofp\libgcc.a(_clzsi2.o)
 .ARM.attributes
                0x0000025c       0x2c C:\Users\hnyre\OneDrive\Desktop\13.2 Rel1\lib\gcc\arm-none-eabi\13.2.1\thumb\v6-m\nofp\libc_nano.a(libc_a-nano-vfprintf_float.o)
 .ARM.attributes
                0x00000288       0x2c C:\Users\hnyre\OneDrive\Desktop\13.2 Rel1\lib\gcc\arm-none-eabi\13.2.1\thumb\v6-m\nofp\libc_nano.a(libc_a-nano-vfprintf_i.o)
 .ARM.attributes
                0x000002b4       0x2c C:\Users\hnyre\OneDrive\Desktop\13.2 Rel1\lib\gcc\arm-none-eabi\13.2.1\thumb\v6-m\nofp\libc_nano.a(libc_a-fflush.o)
 .ARM.attributes
                0x000002e0       0x2c C:\Users\hnyre\OneDrive\Desktop\13.2 Rel1\lib\gcc\arm-none-eabi\13.2.1\thumb\v6-m\nofp\libc_nano.a(libc_a-findfp.o)
 .ARM.attributes
                0x0000030c       0x2c C:\Users\hnyre\OneDrive\Desktop\13.2 Rel1\lib\gcc\arm-none-eabi\13.2.1\thumb\v6-m\nofp\libc_nano.a(libc_a-fwalk.o)
 .ARM.attributes
                0x00000338       0x2c C:\Users\hnyre\OneDrive\Desktop\13.2 Rel1\lib\gcc\arm-none-eabi\13.2.1\thumb\v6-m\nofp\libc_nano.a(libc_a-printf.o)
 .ARM.attributes
                0x00000364       0x2c C:\Users\hnyre\OneDrive\Desktop\13.2 Rel1\lib\gcc\arm-none-eabi\13.2.1\thumb\v6-m\nofp\libc_nano.a(libc_a-puts.o)
 .ARM.attributes
                0x00000390       0x2c C:\Users\hnyre\OneDrive\Desktop\13.2 Rel1\lib\gcc\arm-none-eabi\13.2.1\thumb\v6-m\nofp\libc_nano.a(libc_a-sprintf.o)
 .ARM.attributes
                0x000003bc       0x2c C:\Users\hnyre\OneDrive\Desktop\13.2 Rel1\lib\gcc\arm-none-eabi\13.2.1\thumb\v6-m\nofp\libc_nano.a(libc_a-stdio.o)
 .ARM.attributes
                0x000003e8       0x2c C:\Users\hnyre\OneDrive\Desktop\13.2 Rel1\lib\gcc\arm-none-eabi\13.2.1\thumb\v6-m\nofp\libc_nano.a(libc_a-wbuf.o)
 .ARM.attributes
                0x00000414       0x2c C:\Users\hnyre\OneDrive\Desktop\13.2 Rel1\lib\gcc\arm-none-eabi\13.2.1\thumb\v6-m\nofp\libc_nano.a(libc_a-wsetup.o)
 .ARM.attributes
                0x00000440       0x2c C:\Users\hnyre\OneDrive\Desktop\13.2 Rel1\lib\gcc\arm-none-eabi\13.2.1\thumb\v6-m\nofp\libc_nano.a(libc_a-memset.o)
 .ARM.attributes
                0x0000046c       0x2c C:\Users\hnyre\OneDrive\Desktop\13.2 Rel1\lib\gcc\arm-none-eabi\13.2.1\thumb\v6-m\nofp\libc_nano.a(libc_a-localeconv.o)
 .ARM.attributes
                0x00000498       0x2c C:\Users\hnyre\OneDrive\Desktop\13.2 Rel1\lib\gcc\arm-none-eabi\13.2.1\thumb\v6-m\nofp\libc_nano.a(libc_a-closer.o)
 .ARM.attributes
                0x000004c4       0x2c C:\Users\hnyre\OneDrive\Desktop\13.2 Rel1\lib\gcc\arm-none-eabi\13.2.1\thumb\v6-m\nofp\libc_nano.a(libc_a-impure.o)
 .ARM.attributes
                0x000004f0       0x2c C:\Users\hnyre\OneDrive\Desktop\13.2 Rel1\lib\gcc\arm-none-eabi\13.2.1\thumb\v6-m\nofp\libc_nano.a(libc_a-lseekr.o)
 .ARM.attributes
                0x0000051c       0x2c C:\Users\hnyre\OneDrive\Desktop\13.2 Rel1\lib\gcc\arm-none-eabi\13.2.1\thumb\v6-m\nofp\libc_nano.a(libc_a-readr.o)
 .ARM.attributes
                0x00000548       0x2c C:\Users\hnyre\OneDrive\Desktop\13.2 Rel1\lib\gcc\arm-none-eabi\13.2.1\thumb\v6-m\nofp\libc_nano.a(libc_a-writer.o)
 .ARM.attributes
                0x00000574       0x2c C:\Users\hnyre\OneDrive\Desktop\13.2 Rel1\lib\gcc\arm-none-eabi\13.2.1\thumb\v6-m\nofp\libc_nano.a(libc_a-lock.o)
 .ARM.attributes
                0x000005a0       0x2c C:\Users\hnyre\OneDrive\Desktop\13.2 Rel1\lib\gcc\arm-none-eabi\13.2.1\thumb\v6-m\nofp\libc_nano.a(libc_a-memchr-stub.o)
 .ARM.attributes
                0x000005cc       0x1c C:\Users\hnyre\OneDrive\Desktop\13.2 Rel1\lib\gcc\arm-none-eabi\13.2.1\thumb\v6-m\nofp\libc_nano.a(libc_a-strlen.o)
 .ARM.attributes
                0x000005e8       0x2c C:\Users\hnyre\OneDrive\Desktop\13.2 Rel1\lib\gcc\arm-none-eabi\13.2.1\thumb\v6-m\nofp\libc_nano.a(libc_a-dtoa.o)
 .ARM.attributes
                0x00000614       0x2c C:\Users\hnyre\OneDrive\Desktop\13.2 Rel1\lib\gcc\arm-none-eabi\13.2.1\thumb\v6-m\nofp\libc_nano.a(libc_a-freer.o)
 .ARM.attributes
                0x00000640       0x2c C:\Users\hnyre\OneDrive\Desktop\13.2 Rel1\lib\gcc\arm-none-eabi\13.2.1\thumb\v6-m\nofp\libc_nano.a(libc_a-malloc.o)
 .ARM.attributes
                0x0000066c       0x2c C:\Users\hnyre\OneDrive\Desktop\13.2 Rel1\lib\gcc\arm-none-eabi\13.2.1\thumb\v6-m\nofp\libc_nano.a(libc_a-mallocr.o)
 .ARM.attributes
                0x00000698       0x2c C:\Users\hnyre\OneDrive\Desktop\13.2 Rel1\lib\gcc\arm-none-eabi\13.2.1\thumb\v6-m\nofp\libc_nano.a(libc_a-mlock.o)
 .ARM.attributes
                0x000006c4       0x2c C:\Users\hnyre\OneDrive\Desktop\13.2 Rel1\lib\gcc\arm-none-eabi\13.2.1\thumb\v6-m\nofp\libc_nano.a(libc_a-mprec.o)
 .ARM.attributes
                0x000006f0       0x2c C:\Users\hnyre\OneDrive\Desktop\13.2 Rel1\lib\gcc\arm-none-eabi\13.2.1\thumb\v6-m\nofp\libc_nano.a(libc_a-nano-svfprintf.o)
 .ARM.attributes
                0x0000071c       0x2c C:\Users\hnyre\OneDrive\Desktop\13.2 Rel1\lib\gcc\arm-none-eabi\13.2.1\thumb\v6-m\nofp\libc_nano.a(libc_a-nano-vfprintf.o)
 .ARM.attributes
                0x00000748       0x2c C:\Users\hnyre\OneDrive\Desktop\13.2 Rel1\lib\gcc\arm-none-eabi\13.2.1\thumb\v6-m\nofp\libc_nano.a(libc_a-fvwrite.o)
 .ARM.attributes
                0x00000774       0x2c C:\Users\hnyre\OneDrive\Desktop\13.2 Rel1\lib\gcc\arm-none-eabi\13.2.1\thumb\v6-m\nofp\libc_nano.a(libc_a-makebuf.o)
 .ARM.attributes
                0x000007a0       0x2c C:\Users\hnyre\OneDrive\Desktop\13.2 Rel1\lib\gcc\arm-none-eabi\13.2.1\thumb\v6-m\nofp\libc_nano.a(libc_a-memmove.o)
 .ARM.attributes
                0x000007cc       0x2c C:\Users\hnyre\OneDrive\Desktop\13.2 Rel1\lib\gcc\arm-none-eabi\13.2.1\thumb\v6-m\nofp\libc_nano.a(libc_a-locale.o)
 .ARM.attributes
                0x000007f8       0x2c C:\Users\hnyre\OneDrive\Desktop\13.2 Rel1\lib\gcc\arm-none-eabi\13.2.1\thumb\v6-m\nofp\libc_nano.a(libc_a-fstatr.o)
 .ARM.attributes
                0x00000824       0x2c C:\Users\hnyre\OneDrive\Desktop\13.2 Rel1\lib\gcc\arm-none-eabi\13.2.1\thumb\v6-m\nofp\libc_nano.a(libc_a-isattyr.o)
 .ARM.attributes
                0x00000850       0x2c C:\Users\hnyre\OneDrive\Desktop\13.2 Rel1\lib\gcc\arm-none-eabi\13.2.1\thumb\v6-m\nofp\libc_nano.a(libc_a-sbrkr.o)
 .ARM.attributes
                0x0000087c       0x1c C:\Users\hnyre\OneDrive\Desktop\13.2 Rel1\lib\gcc\arm-none-eabi\13.2.1\thumb\v6-m\nofp\libc_nano.a(libc_a-strcmp.o)
 .ARM.attributes
                0x00000898       0x2c C:\Users\hnyre\OneDrive\Desktop\13.2 Rel1\lib\gcc\arm-none-eabi\13.2.1\thumb\v6-m\nofp\libc_nano.a(libc_a-memcpy-stub.o)
 .ARM.attributes
                0x000008c4       0x2c C:\Users\hnyre\OneDrive\Desktop\13.2 Rel1\lib\gcc\arm-none-eabi\13.2.1\thumb\v6-m\nofp\libc_nano.a(libc_a-assert.o)
 .ARM.attributes
                0x000008f0       0x2c C:\Users\hnyre\OneDrive\Desktop\13.2 Rel1\lib\gcc\arm-none-eabi\13.2.1\thumb\v6-m\nofp\libc_nano.a(libc_a-callocr.o)
 .ARM.attributes
                0x0000091c       0x2c C:\Users\hnyre\OneDrive\Desktop\13.2 Rel1\lib\gcc\arm-none-eabi\13.2.1\thumb\v6-m\nofp\libc_nano.a(libc_a-mbtowc_r.o)
 .ARM.attributes
                0x00000948       0x2c C:\Users\hnyre\OneDrive\Desktop\13.2 Rel1\lib\gcc\arm-none-eabi\13.2.1\thumb\v6-m\nofp\libc_nano.a(libc_a-reallocr.o)
 .ARM.attributes
                0x00000974       0x2c C:\Users\hnyre\OneDrive\Desktop\13.2 Rel1\lib\gcc\arm-none-eabi\13.2.1\thumb\v6-m\nofp\libc_nano.a(libc_a-wctomb_r.o)
 .ARM.attributes
                0x000009a0       0x2c C:\Users\hnyre\OneDrive\Desktop\13.2 Rel1\lib\gcc\arm-none-eabi\13.2.1\thumb\v6-m\nofp\libc_nano.a(libc_a-ctype_.o)
 .ARM.attributes
                0x000009cc       0x2c C:\Users\hnyre\OneDrive\Desktop\13.2 Rel1\lib\gcc\arm-none-eabi\13.2.1\thumb\v6-m\nofp\libc_nano.a(libc_a-fprintf.o)
 .ARM.attributes
                0x000009f8       0x2c C:\Users\hnyre\OneDrive\Desktop\13.2 Rel1\lib\gcc\arm-none-eabi\13.2.1\thumb\v6-m\nofp\libc_nano.a(libc_a-abort.o)
 .ARM.attributes
                0x00000a24       0x2c C:\Users\hnyre\OneDrive\Desktop\13.2 Rel1\lib\gcc\arm-none-eabi\13.2.1\thumb\v6-m\nofp\libc_nano.a(libc_a-msizer.o)
 .ARM.attributes
                0x00000a50       0x2c C:\Users\hnyre\OneDrive\Desktop\13.2 Rel1\lib\gcc\arm-none-eabi\13.2.1\thumb\v6-m\nofp\libc_nano.a(libc_a-signal.o)
 .ARM.attributes
                0x00000a7c       0x2c C:\Users\hnyre\OneDrive\Desktop\13.2 Rel1\lib\gcc\arm-none-eabi\13.2.1\thumb\v6-m\nofp\libc_nano.a(libc_a-signalr.o)
 .ARM.attributes
                0x00000aa8       0x1e C:\Users\hnyre\OneDrive\Desktop\13.2 Rel1\lib\gcc\arm-none-eabi\13.2.1\thumb\v6-m\nofp\libgcc.a(_thumb1_case_uqi.o)
 .ARM.attributes
                0x00000ac6       0x1e C:\Users\hnyre\OneDrive\Desktop\13.2 Rel1\lib\gcc\arm-none-eabi\13.2.1\thumb\v6-m\nofp\libgcc.a(_thumb1_case_shi.o)
 .ARM.attributes
                0x00000ae4       0x1e C:\Users\hnyre\OneDrive\Desktop\13.2 Rel1\lib\gcc\arm-none-eabi\13.2.1\thumb\v6-m\nofp\libgcc.a(_arm_cmpdf2.o)
 .ARM.attributes
                0x00000b02       0x2c C:\Users\hnyre\OneDrive\Desktop\13.2 Rel1\lib\gcc\arm-none-eabi\13.2.1\thumb\v6-m\nofp\libgcc.a(adddf3.o)
 .ARM.attributes